Component: ARM Compiler 5.06 update 6 (build 750) Tool: armlink [4d35ed]

==============================================================================

Section Cross References

    stm32g0xx_hal_rtc.o(i.HAL_RTC_AlarmIRQHandler) refers to stm32g0xx_hal_rtc.o(i.HAL_RTC_AlarmAEventCallback) for HAL_RTC_AlarmAEventCallback
    stm32g0xx_hal_rtc.o(i.HAL_RTC_AlarmIRQHandler) refers to stm32g0xx_hal_rtc_ex.o(i.HAL_RTCEx_AlarmBEventCallback) for HAL_RTCEx_AlarmBEventCallback
    stm32g0xx_hal_rtc.o(i.HAL_RTC_DeInit) refers to stm32g0xx_hal_rtc.o(i.RTC_EnterInitMode) for RTC_EnterInitMode
    stm32g0xx_hal_rtc.o(i.HAL_RTC_DeInit) refers to stm32g0xx_hal.o(i.HAL_GetTick) for HAL_GetTick
    stm32g0xx_hal_rtc.o(i.HAL_RTC_DeInit) refers to stm32g0xx_hal_rtc.o(i.RTC_ExitInitMode) for RTC_ExitInitMode
    stm32g0xx_hal_rtc.o(i.HAL_RTC_DeInit) refers to stm32g0xx_hal_msp.o(i.HAL_RTC_MspDeInit) for HAL_RTC_MspDeInit
    stm32g0xx_hal_rtc.o(i.HAL_RTC_DeactivateAlarm) refers to stm32g0xx_hal.o(i.HAL_GetTick) for HAL_GetTick
    stm32g0xx_hal_rtc.o(i.HAL_RTC_Init) refers to stm32g0xx_hal_msp.o(i.HAL_RTC_MspInit) for HAL_RTC_MspInit
    stm32g0xx_hal_rtc.o(i.HAL_RTC_Init) refers to stm32g0xx_hal_rtc.o(i.RTC_EnterInitMode) for RTC_EnterInitMode
    stm32g0xx_hal_rtc.o(i.HAL_RTC_Init) refers to stm32g0xx_hal_rtc.o(i.RTC_ExitInitMode) for RTC_ExitInitMode
    stm32g0xx_hal_rtc.o(i.HAL_RTC_PollForAlarmAEvent) refers to stm32g0xx_hal.o(i.HAL_GetTick) for HAL_GetTick
    stm32g0xx_hal_rtc.o(i.HAL_RTC_SetAlarm) refers to stm32g0xx_hal.o(i.HAL_GetTick) for HAL_GetTick
    stm32g0xx_hal_rtc.o(i.HAL_RTC_SetAlarm) refers to stm32g0xx_hal_rtc.o(i.RTC_ByteToBcd2) for RTC_ByteToBcd2
    stm32g0xx_hal_rtc.o(i.HAL_RTC_SetAlarm_IT) refers to stm32g0xx_hal.o(i.HAL_GetTick) for HAL_GetTick
    stm32g0xx_hal_rtc.o(i.HAL_RTC_SetAlarm_IT) refers to stm32g0xx_hal_rtc.o(i.RTC_ByteToBcd2) for RTC_ByteToBcd2
    stm32g0xx_hal_rtc.o(i.HAL_RTC_SetDate) refers to stm32g0xx_hal_rtc.o(i.RTC_EnterInitMode) for RTC_EnterInitMode
    stm32g0xx_hal_rtc.o(i.HAL_RTC_SetDate) refers to stm32g0xx_hal_rtc.o(i.RTC_ByteToBcd2) for RTC_ByteToBcd2
    stm32g0xx_hal_rtc.o(i.HAL_RTC_SetDate) refers to stm32g0xx_hal_rtc.o(i.RTC_ExitInitMode) for RTC_ExitInitMode
    stm32g0xx_hal_rtc.o(i.HAL_RTC_SetTime) refers to stm32g0xx_hal_rtc.o(i.RTC_EnterInitMode) for RTC_EnterInitMode
    stm32g0xx_hal_rtc.o(i.HAL_RTC_SetTime) refers to stm32g0xx_hal_rtc.o(i.RTC_ExitInitMode) for RTC_ExitInitMode
    stm32g0xx_hal_rtc.o(i.HAL_RTC_SetTime) refers to stm32g0xx_hal_rtc.o(i.RTC_ByteToBcd2) for RTC_ByteToBcd2
    stm32g0xx_hal_rtc.o(i.HAL_RTC_WaitForSynchro) refers to stm32g0xx_hal.o(i.HAL_GetTick) for HAL_GetTick
    stm32g0xx_hal_rtc.o(i.RTC_EnterInitMode) refers to stm32g0xx_hal.o(i.HAL_GetTick) for HAL_GetTick
    stm32g0xx_hal_rtc.o(i.RTC_ExitInitMode) refers to stm32g0xx_hal.o(i.HAL_GetTick) for HAL_GetTick
    stm32g0xx_hal_rtc_ex.o(i.HAL_RTCEx_DeactivateRefClock) refers to stm32g0xx_hal_rtc.o(i.RTC_EnterInitMode) for RTC_EnterInitMode
    stm32g0xx_hal_rtc_ex.o(i.HAL_RTCEx_DeactivateRefClock) refers to stm32g0xx_hal_rtc.o(i.RTC_ExitInitMode) for RTC_ExitInitMode
    stm32g0xx_hal_rtc_ex.o(i.HAL_RTCEx_DeactivateWakeUpTimer) refers to stm32g0xx_hal.o(i.HAL_GetTick) for HAL_GetTick
    stm32g0xx_hal_rtc_ex.o(i.HAL_RTCEx_GetTimeStamp) refers to stm32g0xx_hal_rtc.o(i.RTC_Bcd2ToByte) for RTC_Bcd2ToByte
    stm32g0xx_hal_rtc_ex.o(i.HAL_RTCEx_PollForAlarmBEvent) refers to stm32g0xx_hal.o(i.HAL_GetTick) for HAL_GetTick
    stm32g0xx_hal_rtc_ex.o(i.HAL_RTCEx_PollForInternalTamperEvent) refers to stm32g0xx_hal.o(i.HAL_GetTick) for HAL_GetTick
    stm32g0xx_hal_rtc_ex.o(i.HAL_RTCEx_PollForTamperEvent) refers to stm32g0xx_hal.o(i.HAL_GetTick) for HAL_GetTick
    stm32g0xx_hal_rtc_ex.o(i.HAL_RTCEx_PollForTimeStampEvent) refers to stm32g0xx_hal.o(i.HAL_GetTick) for HAL_GetTick
    stm32g0xx_hal_rtc_ex.o(i.HAL_RTCEx_PollForWakeUpTimerEvent) refers to stm32g0xx_hal.o(i.HAL_GetTick) for HAL_GetTick
    stm32g0xx_hal_rtc_ex.o(i.HAL_RTCEx_SetRefClock) refers to stm32g0xx_hal_rtc.o(i.RTC_EnterInitMode) for RTC_EnterInitMode
    stm32g0xx_hal_rtc_ex.o(i.HAL_RTCEx_SetRefClock) refers to stm32g0xx_hal_rtc.o(i.RTC_ExitInitMode) for RTC_ExitInitMode
    stm32g0xx_hal_rtc_ex.o(i.HAL_RTCEx_SetSmoothCalib) refers to stm32g0xx_hal.o(i.HAL_GetTick) for HAL_GetTick
    stm32g0xx_hal_rtc_ex.o(i.HAL_RTCEx_SetSynchroShift) refers to stm32g0xx_hal.o(i.HAL_GetTick) for HAL_GetTick
    stm32g0xx_hal_rtc_ex.o(i.HAL_RTCEx_SetSynchroShift) refers to stm32g0xx_hal_rtc.o(i.HAL_RTC_WaitForSynchro) for HAL_RTC_WaitForSynchro
    stm32g0xx_hal_rtc_ex.o(i.HAL_RTCEx_SetWakeUpTimer) refers to stm32g0xx_hal.o(i.HAL_GetTick) for HAL_GetTick
    stm32g0xx_hal_rtc_ex.o(i.HAL_RTCEx_SetWakeUpTimer_IT) refers to stm32g0xx_hal.o(i.HAL_GetTick) for HAL_GetTick
    stm32g0xx_hal_rtc_ex.o(i.HAL_RTCEx_TamperIRQHandler) refers to stm32g0xx_hal_rtc_ex.o(i.HAL_RTCEx_Tamper1EventCallback) for HAL_RTCEx_Tamper1EventCallback
[...]
    Removing stm32g0xx_hal_tim.o(i.HAL_TIM_PWM_Start), (216 bytes).
    Removing stm32g0xx_hal_tim.o(i.HAL_TIM_PWM_Start_DMA), (500 bytes).
    Removing stm32g0xx_hal_tim.o(i.HAL_TIM_PWM_Start_IT), (284 bytes).
    Removing stm32g0xx_hal_tim.o(i.HAL_TIM_PWM_Stop), (164 bytes).
    Removing stm32g0xx_hal_tim.o(i.HAL_TIM_PWM_Stop_DMA), (252 bytes).
    Removing stm32g0xx_hal_tim.o(i.HAL_TIM_PWM_Stop_IT), (232 bytes).
    Removing stm32g0xx_hal_tim.o(i.HAL_TIM_PeriodElapsedCallback), (2 bytes).
    Removing stm32g0xx_hal_tim.o(i.HAL_TIM_PeriodElapsedHalfCpltCallback), (2 bytes).
    Removing stm32g0xx_hal_tim.o(i.HAL_TIM_ReadCapturedValue), (44 bytes).
    Removing stm32g0xx_hal_tim.o(i.HAL_TIM_SlaveConfigSynchro), (74 bytes).
    Removing stm32g0xx_hal_tim.o(i.HAL_TIM_SlaveConfigSynchro_IT), (74 bytes).
    Removing stm32g0xx_hal_tim.o(i.HAL_TIM_TriggerHalfCpltCallback), (2 bytes).
    Removing stm32g0xx_hal_tim.o(i.TIM_CCxChannelCmd), (28 bytes).
    Removing stm32g0xx_hal_tim.o(i.TIM_DMACaptureCplt), (118 bytes).
    Removing stm32g0xx_hal_tim.o(i.TIM_DMACaptureHalfCplt), (58 bytes).
    Removing stm32g0xx_hal_tim.o(i.TIM_DMADelayPulseCplt), (102 bytes).
    Removing stm32g0xx_hal_tim.o(i.TIM_DMADelayPulseHalfCplt), (58 bytes).
    Removing stm32g0xx_hal_tim.o(i.TIM_DMAError), (84 bytes).
    Removing stm32g0xx_hal_tim.o(i.TIM_DMAPeriodElapsedCplt), (24 bytes).
    Removing stm32g0xx_hal_tim.o(i.TIM_DMAPeriodElapsedHalfCplt), (10 bytes).
    Removing stm32g0xx_hal_tim.o(i.TIM_DMATriggerCplt), (24 bytes).
    Removing stm32g0xx_hal_tim.o(i.TIM_DMATriggerHalfCplt), (10 bytes).
    Removing stm32g0xx_hal_tim.o(i.TIM_ETR_SetConfig), (24 bytes).
    Removing stm32g0xx_hal_tim.o(i.TIM_OC1_SetConfig), (144 bytes).
    Removing stm32g0xx_hal_tim.o(i.TIM_OC2_SetConfig), (136 bytes).
    Removing stm32g0xx_hal_tim.o(i.TIM_OC3_SetConfig), (140 bytes).
    Removing stm32g0xx_hal_tim.o(i.TIM_SlaveTimer_SetConfig), (224 bytes).
    Removing stm32g0xx_hal_tim.o(i.TIM_TI1_SetConfig), (80 bytes).
    Removing stm32g0xx_hal_tim_ex.o(.rev16_text), (4 bytes).
    Removing stm32g0xx_hal_tim_ex.o(.revsh_text), (4 bytes).
    Removing stm32g0xx_hal_tim_ex.o(i.HAL_TIMEx_CommutHalfCpltCallback), (2 bytes).
    Removing stm32g0xx_hal_tim_ex.o(i.HAL_TIMEx_ConfigBreakDeadTime), (176 bytes).
    Removing stm32g0xx_hal_tim_ex.o(i.HAL_TIMEx_ConfigBreakInput), (124 bytes).
    Removing stm32g0xx_hal_tim_ex.o(i.HAL_TIMEx_ConfigCommutEvent), (116 bytes).
    Removing stm32g0xx_hal_tim_ex.o(i.HAL_TIMEx_ConfigCommutEvent_DMA), (148 bytes).
    Removing stm32g0xx_hal_tim_ex.o(i.HAL_TIMEx_ConfigCommutEvent_IT), (116 bytes).
    Removing stm32g0xx_hal_tim_ex.o(i.HAL_TIMEx_DisarmBreakInput), (72 bytes).
    Removing stm32g0xx_hal_tim_ex.o(i.HAL_TIMEx_GetChannelNState), (30 bytes).
    Removing stm32g0xx_hal_tim_ex.o(i.HAL_TIMEx_GroupChannel5), (52 bytes).
    Removing stm32g0xx_hal_tim_ex.o(i.HAL_TIMEx_HallSensor_DeInit), (68 bytes).
    Removing stm32g0xx_hal_tim_ex.o(i.HAL_TIMEx_HallSensor_GetState), (6 bytes).
    Removing stm32g0xx_hal_tim_ex.o(i.HAL_TIMEx_HallSensor_Init), (208 bytes).
    Removing stm32g0xx_hal_tim_ex.o(i.HAL_TIMEx_HallSensor_MspDeInit), (2 bytes).
    Removing stm32g0xx_hal_tim_ex.o(i.HAL_TIMEx_HallSensor_MspInit), (2 bytes).
    Removing stm32g0xx_hal_tim_ex.o(i.HAL_TIMEx_HallSensor_Start), (124 bytes).
    Removing stm32g0xx_hal_tim_ex.o(i.HAL_TIMEx_HallSensor_Start_DMA), (196 bytes).
    Removing stm32g0xx_hal_tim_ex.o(i.HAL_TIMEx_HallSensor_Start_IT), (132 bytes).
    Removing stm32g0xx_hal_tim_ex.o(i.HAL_TIMEx_HallSensor_Stop), (64 bytes).
    Removing stm32g0xx_hal_tim_ex.o(i.HAL_TIMEx_HallSensor_Stop_DMA), (76 bytes).
    Removing stm32g0xx_hal_tim_ex.o(i.HAL_TIMEx_HallSensor_Stop_IT), (76 bytes).
    Removing stm32g0xx_hal_tim_ex.o(i.HAL_TIMEx_OCN_Start), (156 bytes).
    Removing stm32g0xx_hal_tim_ex.o(i.HAL_TIMEx_OCN_Start_DMA), (372 bytes).
    Removing stm32g0xx_hal_tim_ex.o(i.HAL_TIMEx_OCN_Start_IT), (216 bytes).
    Removing stm32g0xx_hal_tim_ex.o(i.HAL_TIMEx_OCN_Stop), (108 bytes).
    Removing stm32g0xx_hal_tim_ex.o(i.HAL_TIMEx_OCN_Stop_DMA), (180 bytes).
    Removing stm32g0xx_hal_tim_ex.o(i.HAL_TIMEx_OCN_Stop_IT), (176 bytes).
    Removing stm32g0xx_hal_tim_ex.o(i.HAL_TIMEx_OnePulseN_Start), (98 bytes).
    Removing stm32g0xx_hal_tim_ex.o(i.HAL_TIMEx_OnePulseN_Start_IT), (116 bytes).
    Removing stm32g0xx_hal_tim_ex.o(i.HAL_TIMEx_OnePulseN_Stop), (112 bytes).
    Removing stm32g0xx_hal_tim_ex.o(i.HAL_TIMEx_OnePulseN_Stop_IT), (132 bytes).
    Removing stm32g0xx_hal_tim_ex.o(i.HAL_TIMEx_PWMN_Start), (156 bytes).
    Removing stm32g0xx_hal_tim_ex.o(i.HAL_TIMEx_PWMN_Start_DMA), (372 bytes).
    Removing stm32g0xx_hal_tim_ex.o(i.HAL_TIMEx_PWMN_Start_IT), (216 bytes).
    Removing stm32g0xx_hal_tim_ex.o(i.HAL_TIMEx_PWMN_Stop), (108 bytes).
    Removing stm32g0xx_hal_tim_ex.o(i.HAL_TIMEx_PWMN_Stop_DMA), (180 bytes).
    Removing stm32g0xx_hal_tim_ex.o(i.HAL_TIMEx_PWMN_Stop_IT), (176 bytes).
    Removing stm32g0xx_hal_tim_ex.o(i.HAL_TIMEx_ReArmBreakInput), (124 bytes).
    Removing stm32g0xx_hal_tim_ex.o(i.HAL_TIMEx_RemapConfig), (42 bytes).
    Removing stm32g0xx_hal_tim_ex.o(i.HAL_TIMEx_TISelection), (94 bytes).
    Removing stm32g0xx_hal_tim_ex.o(i.TIMEx_DMACommutationCplt), (16 bytes).
    Removing stm32g0xx_hal_tim_ex.o(i.TIMEx_DMACommutationHalfCplt), (16 bytes).
    Removing stm32g0xx_hal_tim_ex.o(i.TIM_CCxNChannelCmd), (28 bytes).
    Removing stm32g0xx_hal_tim_ex.o(i.TIM_DMADelayPulseNCplt), (102 bytes).
    Removing stm32g0xx_hal_tim_ex.o(i.TIM_DMAErrorCCxN), (62 bytes).
    Removing stm32g0xx_hal_uart.o(.rev16_text), (4 bytes).
    Removing stm32g0xx_hal_uart.o(.revsh_text), (4 bytes).
    Removing stm32g0xx_hal_uart.o(i.HAL_HalfDuplex_EnableReceiver), (80 bytes).
    Removing stm32g0xx_hal_uart.o(i.HAL_HalfDuplex_EnableTransmitter), (80 bytes).
    Removing stm32g0xx_hal_uart.o(i.HAL_HalfDuplex_Init), (116 bytes).
    Removing stm32g0xx_hal_uart.o(i.HAL_LIN_Init), (152 bytes).
    Removing stm32g0xx_hal_uart.o(i.HAL_LIN_SendBreak), (42 bytes).
    Removing stm32g0xx_hal_uart.o(i.HAL_MultiProcessor_DisableMuteMode), (58 bytes).
    Removing stm32g0xx_hal_uart.o(i.HAL_MultiProcessor_EnableMuteMode), (58 bytes).
    Removing stm32g0xx_hal_uart.o(i.HAL_MultiProcessor_EnterMuteMode), (12 bytes).
    Removing stm32g0xx_hal_uart.o(i.HAL_MultiProcessor_Init), (142 bytes).
    Removing stm32g0xx_hal_uart.o(i.HAL_UART_Abort), (272 bytes).
    Removing stm32g0xx_hal_uart.o(i.HAL_UART_AbortCpltCallback), (2 bytes).
    Removing stm32g0xx_hal_uart.o(i.HAL_UART_AbortReceive), (188 bytes).
    Removing stm32g0xx_hal_uart.o(i.HAL_UART_AbortReceiveCpltCallback), (2 bytes).
    Removing stm32g0xx_hal_uart.o(i.HAL_UART_AbortReceive_IT), (212 bytes).
    Removing stm32g0xx_hal_uart.o(i.HAL_UART_AbortTransmit), (158 bytes).
    Removing stm32g0xx_hal_uart.o(i.HAL_UART_AbortTransmitCpltCallback), (2 bytes).
    Removing stm32g0xx_hal_uart.o(i.HAL_UART_AbortTransmit_IT), (172 bytes).
    Removing stm32g0xx_hal_uart.o(i.HAL_UART_Abort_IT), (316 bytes).
    Removing stm32g0xx_hal_uart.o(i.HAL_UART_DMAPause), (134 bytes).
    Removing stm32g0xx_hal_uart.o(i.HAL_UART_DMAResume), (134 bytes).
    Removing stm32g0xx_hal_uart.o(i.HAL_UART_DMAStop), (202 bytes).
    Removing stm32g0xx_hal_uart.o(i.HAL_UART_DeInit), (66 bytes).
    Removing stm32g0xx_hal_uart.o(i.HAL_UART_DisableReceiverTimeout), (50 bytes).
    Removing stm32g0xx_hal_uart.o(i.HAL_UART_EnableReceiverTimeout), (50 bytes).
    Removing stm32g0xx_hal_uart.o(i.HAL_UART_GetError), (6 bytes).
    Removing stm32g0xx_hal_uart.o(i.HAL_UART_GetState), (12 bytes).
    Removing stm32g0xx_hal_uart.o(i.HAL_UART_MspDeInit), (2 bytes).
    Removing stm32g0xx_hal_uart.o(i.HAL_UART_MspInit), (2 bytes).
    Removing stm32g0xx_hal_uart.o(i.HAL_UART_Receive), (264 bytes).
    Removing stm32g0xx_hal_uart.o(i.HAL_UART_Receive_DMA), (88 bytes).
    Removing stm32g0xx_hal_uart.o(i.HAL_UART_ReceiverTimeout_Config), (14 bytes).
    Removing stm32g0xx_hal_uart.o(i.HAL_UART_RxCpltCallback), (2 bytes).
    Removing stm32g0xx_hal_uart.o(i.HAL_UART_RxHalfCpltCallback), (2 bytes).
    Removing stm32g0xx_hal_uart.o(i.HAL_UART_Transmit_DMA), (176 bytes).
    Removing stm32g0xx_hal_uart.o(i.HAL_UART_Transmit_IT), (188 bytes).
    Removing stm32g0xx_hal_uart.o(i.HAL_UART_TxHalfCpltCallback), (2 bytes).
    Removing stm32g0xx_hal_uart.o(i.UART_DMAError), (124 bytes).
    Removing stm32g0xx_hal_uart.o(i.UART_DMAReceiveCplt), (154 bytes).
    Removing stm32g0xx_hal_uart.o(i.UART_DMARxAbortCallback), (66 bytes).
    Removing stm32g0xx_hal_uart.o(i.UART_DMARxHalfCplt), (32 bytes).
    Removing stm32g0xx_hal_uart.o(i.UART_DMARxOnlyAbortCallback), (40 bytes).
    Removing stm32g0xx_hal_uart.o(i.UART_DMATransmitCplt), (76 bytes).
    Removing stm32g0xx_hal_uart.o(i.UART_DMATxAbortCallback), (76 bytes).
    Removing stm32g0xx_hal_uart.o(i.UART_DMATxHalfCplt), (10 bytes).
    Removing stm32g0xx_hal_uart.o(i.UART_DMATxOnlyAbortCallback), (42 bytes).
    Removing stm32g0xx_hal_uart.o(i.UART_Start_Receive_DMA), (176 bytes).
    Removing stm32g0xx_hal_uart.o(i.UART_TxISR_16BIT), (100 bytes).
    Removing stm32g0xx_hal_uart.o(i.UART_TxISR_16BIT_FIFOEN), (122 bytes).
    Removing stm32g0xx_hal_uart.o(i.UART_TxISR_8BIT), (96 bytes).
    Removing stm32g0xx_hal_uart.o(i.UART_TxISR_8BIT_FIFOEN), (118 bytes).
    Removing stm32g0xx_hal_uart_ex.o(.rev16_text), (4 bytes).
    Removing stm32g0xx_hal_uart_ex.o(.revsh_text), (4 bytes).
    Removing stm32g0xx_hal_uart_ex.o(i.HAL_MultiProcessorEx_AddressLength_Set), (54 bytes).
    Removing stm32g0xx_hal_uart_ex.o(i.HAL_RS485Ex_Init), (140 bytes).
    Removing stm32g0xx_hal_uart_ex.o(i.HAL_UARTEx_DisableStopMode), (50 bytes).
    Removing stm32g0xx_hal_uart_ex.o(i.HAL_UARTEx_EnableFifoMode), (62 bytes).
    Removing stm32g0xx_hal_uart_ex.o(i.HAL_UARTEx_EnableStopMode), (50 bytes).
    Removing stm32g0xx_hal_uart_ex.o(i.HAL_UARTEx_GetRxEventType), (4 bytes).
    Removing stm32g0xx_hal_uart_ex.o(i.HAL_UARTEx_ReceiveToIdle), (352 bytes).
    Removing stm32g0xx_hal_uart_ex.o(i.HAL_UARTEx_ReceiveToIdle_DMA), (108 bytes).
    Removing stm32g0xx_hal_uart_ex.o(i.HAL_UARTEx_ReceiveToIdle_IT), (108 bytes).
    Removing stm32g0xx_hal_uart_ex.o(i.HAL_UARTEx_StopModeWakeUpSourceConfig), (148 bytes).
    Removing system_stm32g0xx.o(.rev16_text), (4 bytes).
    Removing system_stm32g0xx.o(.revsh_text), (4 bytes).
    Removing system_stm32g0xx.o(i.SystemCoreClockUpdate), (152 bytes).
    Removing startup_stm32g070xx.o(HEAP), (512 bytes).
    Removing main_global.o(.data), (1 bytes).
    Removing main_global.o(.data), (1 bytes).
    Removing main_global.o(.data), (1 bytes).
    Removing main.o(.rev16_text), (4 bytes).
    Removing main.o(.revsh_text), (4 bytes).
    Removing main.o(i.LORA), (112 bytes).
    Removing main.o(i.reverse16), (38 bytes).
    Removing main.o(i.reverse8), (38 bytes).
    Removing main.o(i.send_com), (40 bytes).
    Removing main.o(.data), (1 bytes).
    Removing stm32g0xx_it.o(.rev16_text), (4 bytes).
    Removing stm32g0xx_it.o(.revsh_text), (4 bytes).
    Removing stm32g0xx_hal_msp.o(.rev16_text), (4 bytes).
    Removing stm32g0xx_hal_msp.o(.revsh_text), (4 bytes).
    Removing stm32g0xx_hal_msp.o(i.HAL_RTC_MspDeInit), (44 bytes).
    Removing stm32g0xx_hal_msp.o(i.HAL_TIM_Base_MspDeInit), (112 bytes).
    Removing stm32g0xx_hal_msp.o(i.HAL_UART_MspDeInit), (152 bytes).

453 unused section(s) (total 37096 bytes) removed from the image.

==============================================================================

Image Symbol Table

    Local Symbols

    Symbol Name                              Value     Ov Type        Size  Object(Section)

    ../Core/Src/main.c                       0x00000000   Number         0  main.o ABSOLUTE
    ../Core/Src/stm32g0xx_hal_msp.c          0x00000000   Number         0  stm32g0xx_hal_msp.o ABSOLUTE
    ../Core/Src/stm32g0xx_it.c               0x00000000   Number         0  stm32g0xx_it.o ABSOLUTE
    ../Core/Src/system_stm32g0xx.c           0x00000000   Number         0  system_stm32g0xx.o ABSOLUTE
    ../Drivers/STM32G0xx_HAL_Driver/Src/stm32g0xx_hal.c 0x00000000   Number         0  stm32g0xx_hal.o ABSOLUTE
    ../Drivers/STM32G0xx_HAL_Driver/Src/stm32g0xx_hal_cortex.c 0x00000000   Number         0  stm32g0xx_hal_cortex.o ABSOLUTE
    ../Drivers/STM32G0xx_HAL_Driver/Src/stm32g0xx_hal_dma.c 0x00000000   Number         0  stm32g0xx_hal_dma.o ABSOLUTE
    ../Drivers/STM32G0xx_HAL_Driver/Src/stm32g0xx_hal_dma_ex.c 0x00000000   Number         0  stm32g0xx_hal_dma_ex.o ABSOLUTE
    ../Drivers/STM32G0xx_HAL_Driver/Src/stm32g0xx_hal_exti.c 0x00000000   Number         0  stm32g0xx_hal_exti.o ABSOLUTE
    ../Drivers/STM32G0xx_HAL_Driver/Src/stm32g0xx_hal_flash.c 0x00000000   Number         0  stm32g0xx_hal_flash.o ABSOLUTE
    ../Drivers/STM32G0xx_HAL_Driver/Src/stm32g0xx_hal_flash_ex.c 0x00000000   Number         0  stm32g0xx_hal_flash_ex.o ABSOLUTE
    ../Drivers/STM32G0xx_HAL_Driver/Src/stm32g0xx_hal_gpio.c 0x00000000   Number         0  stm32g0xx_hal_gpio.o ABSOLUTE
    ../Drivers/STM32G0xx_HAL_Driver/Src/stm32g0xx_hal_pwr.c 0x00000000   Number         0  stm32g0xx_hal_pwr.o ABSOLUTE
    ../Drivers/STM32G0xx_HAL_Driver/Src/stm32g0xx_hal_pwr_ex.c 0x00000000   Number         0  stm32g0xx_hal_pwr_ex.o ABSOLUTE
    ../Drivers/STM32G0xx_HAL_Driver/Src/stm32g0xx_hal_rcc.c 0x00000000   Number         0  stm32g0xx_hal_rcc.o ABSOLUTE
    ../Drivers/STM32G0xx_HAL_Driver/Src/stm32g0xx_hal_rcc_ex.c 0x00000000   Number         0  stm32g0xx_hal_rcc_ex.o ABSOLUTE
    ../Drivers/STM32G0xx_HAL_Driver/Src/stm32g0xx_hal_rtc.c 0x00000000   Number         0  stm32g0xx_hal_rtc.o ABSOLUTE
    ../Drivers/STM32G0xx_HAL_Driver/Src/stm32g0xx_hal_rtc_ex.c 0x00000000   Number         0  stm32g0xx_hal_rtc_ex.o ABSOLUTE
    ../Drivers/STM32G0xx_HAL_Driver/Src/stm32g0xx_hal_tim.c 0x00000000   Number         0  stm32g0xx_hal_tim.o ABSOLUTE
    ../Drivers/STM32G0xx_HAL_Driver/Src/stm32g0xx_hal_tim_ex.c 0x00000000   Number         0  stm32g0xx_hal_tim_ex.o ABSOLUTE
    ../Drivers/STM32G0xx_HAL_Driver/Src/stm32g0xx_hal_uart.c 0x00000000   Number         0  stm32g0xx_hal_uart.o ABSOLUTE
    ../Drivers/STM32G0xx_HAL_Driver/Src/stm32g0xx_hal_uart_ex.c 0x00000000   Number         0  stm32g0xx_hal_uart_ex.o ABSOLUTE
    ../Drivers/STM32G0xx_HAL_Driver/Src/stm32g0xx_ll_dma.c 0x00000000   Number         0  stm32g0xx_ll_dma.o ABSOLUTE
    ../Drivers/STM32G0xx_HAL_Driver/Src/stm32g0xx_ll_rcc.c 0x00000000   Number         0  stm32g0xx_ll_rcc.o ABSOLUTE
    ../clib/../cmprslib/zerorunl.c           0x00000000   Number         0  __dczerorl.o ABSOLUTE
    ../clib/microlib/division.c              0x00000000   Number         0  uidiv.o ABSOLUTE
    ../clib/microlib/division.c              0x00000000   Number         0  uldiv.o ABSOLUTE
    ../clib/microlib/init/entry.s            0x00000000   Number         0  entry8a.o ABSOLUTE
    ../clib/microlib/init/entry.s            0x00000000   Number         0  entry8b.o ABSOLUTE
    ../clib/microlib/init/entry.s            0x00000000   Number         0  entry9a.o ABSOLUTE
    ../clib/microlib/init/entry.s            0x00000000   Number         0  entry7b.o ABSOLUTE
    ../clib/microlib/init/entry.s            0x00000000   Number         0  entry7a.o ABSOLUTE
    ../clib/microlib/init/entry.s            0x00000000   Number         0  entry.o ABSOLUTE
    ../clib/microlib/init/entry.s            0x00000000   Number         0  entry2.o ABSOLUTE
    ../clib/microlib/init/entry.s            0x00000000   Number         0  entry9b.o ABSOLUTE
    ../clib/microlib/init/entry.s            0x00000000   Number         0  entry10a.o ABSOLUTE
    ../clib/microlib/init/entry.s            0x00000000   Number         0  entry10b.o ABSOLUTE
    ../clib/microlib/init/entry.s            0x00000000   Number         0  entry11a.o ABSOLUTE
    ../clib/microlib/init/entry.s            0x00000000   Number         0  entry11b.o ABSOLUTE
    ../clib/microlib/init/entry.s            0x00000000   Number         0  entry5.o ABSOLUTE
    ../clib/microlib/longlong.c              0x00000000   Number         0  llushr.o ABSOLUTE
    ../clib/microlib/longlong.c              0x00000000   Number         0  llshl.o ABSOLUTE
    ../clib/microlib/longlong.c              0x00000000   Number         0  llsshr.o ABSOLUTE
    ../clib/microlib/printf/printf.c         0x00000000   Number         0  printfa.o ABSOLUTE
    ../clib/microlib/printf/printf.c         0x00000000   Number         0  printf8.o ABSOLUTE
    ../clib/microlib/printf/printf.c         0x00000000   Number         0  printf4.o ABSOLUTE
    ../clib/microlib/printf/printf.c         0x00000000   Number         0  printf5.o ABSOLUTE
    ../clib/microlib/printf/printf.c         0x00000000   Number         0  printf6.o ABSOLUTE
    ../clib/microlib/printf/printf.c         0x00000000   Number         0  printf3.o ABSOLUTE
    ../clib/microlib/printf/printf.c         0x00000000   Number         0  printf1.o ABSOLUTE
    ../clib/microlib/printf/printf.c         0x00000000   Number         0  printf0.o ABSOLUTE
    ../clib/microlib/printf/printf.c         0x00000000   Number         0  printf7.o ABSOLUTE
    ../clib/microlib/printf/printf.c         0x00000000   Number         0  printfb.o ABSOLUTE
    ../clib/microlib/printf/printf.c         0x00000000   Number         0  printf2.o ABSOLUTE
    ../clib/microlib/printf/stubs.s          0x00000000   Number         0  stubs.o ABSOLUTE
    ../clib/microlib/stdio/fputc.c           0x00000000   Number         0  fputc.o ABSOLUTE
    ../clib/microlib/stdio/semi.s            0x00000000   Number         0  semi.o ABSOLUTE
    ../clib/microlib/stdio/streams.c         0x00000000   Number         0  stdout.o ABSOLUTE
    ../clib/microlib/string/memcpy.c         0x00000000   Number         0  memcpyb.o ABSOLUTE
    ../clib/microlib/string/memcpy.c         0x00000000   Number         0  memcpya.o ABSOLUTE
    ../clib/microlib/string/memset.c         0x00000000   Number         0  memseta.o ABSOLUTE
    ../clib/microlib/stubs.s                 0x00000000   Number         0  iusefp.o ABSOLUTE
    ../clib/microlib/stubs.s                 0x00000000   Number         0  iusesemip.o ABSOLUTE
    ../fplib/microlib/f2d.c                  0x00000000   Number         0  f2d.o ABSOLUTE
    ../fplib/microlib/fpadd.c                0x00000000   Number         0  dadd.o ABSOLUTE
    ../fplib/microlib/fpdiv.c                0x00000000   Number         0  ddiv.o ABSOLUTE
    ../fplib/microlib/fpdiv.c                0x00000000   Number         0  fdiv.o ABSOLUTE
    ../fplib/microlib/fpepilogue.c           0x00000000   Number         0  depilogue.o ABSOLUTE
    ../fplib/microlib/fpepilogue.c           0x00000000   Number         0  fepilogue.o ABSOLUTE
    ../fplib/microlib/fpfix.c                0x00000000   Number         0  dfixul.o ABSOLUTE
    ../fplib/microlib/fpflt.c                0x00000000   Number         0  dfltui.o ABSOLUTE
    ../fplib/microlib/fpflt.c                0x00000000   Number         0  ffltui.o ABSOLUTE
    ../fplib/microlib/fpmul.c                0x00000000   Number         0  dmul.o ABSOLUTE
    ..\Core\Src\main.c                       0x00000000   Number         0  main.o ABSOLUTE
    ..\Core\Src\main_global.c                0x00000000   Number         0  main_global.o ABSOLUTE
    ..\Core\Src\stm32g0xx_hal_msp.c          0x00000000   Number         0  stm32g0xx_hal_msp.o ABSOLUTE
    ..\Core\Src\stm32g0xx_it.c               0x00000000   Number         0  stm32g0xx_it.o ABSOLUTE
    ..\Core\Src\system_stm32g0xx.c           0x00000000   Number         0  system_stm32g0xx.o ABSOLUTE
    ..\Drivers\STM32G0xx_HAL_Driver\Src\stm32g0xx_hal.c 0x00000000   Number         0  stm32g0xx_hal.o ABSOLUTE
    ..\Drivers\STM32G0xx_HAL_Driver\Src\stm32g0xx_hal_cortex.c 0x00000000   Number         0  stm32g0xx_hal_cortex.o ABSOLUTE
    ..\Drivers\STM32G0xx_HAL_Driver\Src\stm32g0xx_hal_dma.c 0x00000000   Number         0  stm32g0xx_hal_dma.o ABSOLUTE
    ..\Drivers\STM32G0xx_HAL_Driver\Src\stm32g0xx_hal_dma_ex.c 0x00000000   Number         0  stm32g0xx_hal_dma_ex.o ABSOLUTE
    ..\Drivers\STM32G0xx_HAL_Driver\Src\stm32g0xx_hal_exti.c 0x00000000   Number         0  stm32g0xx_hal_exti.o ABSOLUTE
    ..\Drivers\STM32G0xx_HAL_Driver\Src\stm32g0xx_hal_flash.c 0x00000000   Number         0  stm32g0xx_hal_flash.o ABSOLUTE
    ..\Drivers\STM32G0xx_HAL_Driver\Src\stm32g0xx_hal_flash_ex.c 0x00000000   Number         0  stm32g0xx_hal_flash_ex.o ABSOLUTE
    ..\Drivers\STM32G0xx_HAL_Driver\Src\stm32g0xx_hal_gpio.c 0x00000000   Number         0  stm32g0xx_hal_gpio.o ABSOLUTE
    ..\Drivers\STM32G0xx_HAL_Driver\Src\stm32g0xx_hal_pwr.c 0x00000000   Number         0  stm32g0xx_hal_pwr.o ABSOLUTE
    ..\Drivers\STM32G0xx_HAL_Driver\Src\stm32g0xx_hal_pwr_ex.c 0x00000000   Number         0  stm32g0xx_hal_pwr_ex.o ABSOLUTE
    ..\Drivers\STM32G0xx_HAL_Driver\Src\stm32g0xx_hal_rcc.c 0x00000000   Number         0  stm32g0xx_hal_rcc.o ABSOLUTE
    ..\Drivers\STM32G0xx_HAL_Driver\Src\stm32g0xx_hal_rcc_ex.c 0x00000000   Number         0  stm32g0xx_hal_rcc_ex.o ABSOLUTE
    ..\Drivers\STM32G0xx_HAL_Driver\Src\stm32g0xx_hal_rtc.c 0x00000000   Number         0  stm32g0xx_hal_rtc.o ABSOLUTE
    ..\Drivers\STM32G0xx_HAL_Driver\Src\stm32g0xx_hal_rtc_ex.c 0x00000000   Number         0  stm32g0xx_hal_rtc_ex.o ABSOLUTE
    ..\Drivers\STM32G0xx_HAL_Driver\Src\stm32g0xx_hal_tim.c 0x00000000   Number         0  stm32g0xx_hal_tim.o ABSOLUTE
    ..\Drivers\STM32G0xx_HAL_Driver\Src\stm32g0xx_hal_tim_ex.c 0x00000000   Number         0  stm32g0xx_hal_tim_ex.o ABSOLUTE
    ..\Drivers\STM32G0xx_HAL_Driver\Src\stm32g0xx_hal_uart.c 0x00000000   Number         0  stm32g0xx_hal_uart.o ABSOLUTE
    ..\Drivers\STM32G0xx_HAL_Driver\Src\stm32g0xx_hal_uart_ex.c 0x00000000   Number         0  stm32g0xx_hal_uart_ex.o ABSOLUTE
    cdrcmple.s                               0x00000000   Number         0  cdrcmple.o ABSOLUTE
    dc.s                                     0x00000000   Number         0  dc.o ABSOLUTE
    handlers.s                               0x00000000   Number         0  handlers.o ABSOLUTE
    init.s                                   0x00000000   Number         0  init.o ABSOLUTE
    startup_stm32g070xx.s                    0x00000000   Number         0  startup_stm32g070xx.o ABSOLUTE
    RESET                                    0x08000000   Section      184  startup_stm32g070xx.o(RESET)
    .ARM.Collect$$$$00000000                 0x080000b8   Section        0  entry.o(.ARM.Collect$$$$00000000)
    .ARM.Collect$$$$00000001                 0x080000b8   Section        4  entry2.o(.ARM.Collect$$$$00000001)
    .ARM.Collect$$$$00000004                 0x080000bc   Section        4  entry5.o(.ARM.Collect$$$$00000004)
    .ARM.Collect$$$$00000008                 0x080000c0   Section        0  entry7b.o(.ARM.Collect$$$$00000008)
    .ARM.Collect$$$$0000000A                 0x080000c0   Section        0  entry8b.o(.ARM.Collect$$$$0000000A)
    .ARM.Collect$$$$0000000B                 0x080000c0   Section        8  entry9a.o(.ARM.Collect$$$$0000000B)
    .ARM.Collect$$$$0000000D                 0x080000c8   Section        0  entry10a.o(.ARM.Collect$$$$0000000D)
    .ARM.Collect$$$$0000000F                 0x080000c8   Section        0  entry11a.o(.ARM.Collect$$$$0000000F)
    .ARM.Collect$$$$00002712                 0x080000c8   Section        4  entry2.o(.ARM.Collect$$$$00002712)
    __lit__00000000                          0x080000c8   Data           4  entry2.o(.ARM.Collect$$$$00002712)
    .text                                    0x080000cc   Section       28  startup_stm32g070xx.o(.text)
    .text                                    0x080000e8   Section        0  uidiv.o(.text)
    .text                                    0x08000114   Section        0  memcpya.o(.text)
    .text                                    0x08000138   Section        0  memseta.o(.text)
    .text                                    0x0800015c   Section        0  fdiv.o(.text)
    .text                                    0x080001d8   Section        0  ddiv.o(.text)
    .text                                    0x080002c8   Section        0  ffltui.o(.text)
    .text                                    0x080002d8   Section        0  dfltui.o(.text)
    .text                                    0x080002f4   Section        0  f2d.o(.text)
    .text                                    0x0800031c   Section        0  uldiv.o(.text)
    .text                                    0x0800037c   Section        0  iusefp.o(.text)
    .text                                    0x0800037c   Section        0  fepilogue.o(.text)
    .text                                    0x080003fe   Section        0  depilogue.o(.text)
    .text                                    0x080004bc   Section        0  dadd.o(.text)
    .text                                    0x08000620   Section        0  dmul.o(.text)
    .text                                    0x080006f0   Section        0  dfixul.o(.text)
    .text                                    0x08000730   Section       40  cdrcmple.o(.text)
    .text                                    0x08000758   Section       36  init.o(.text)
    .text                                    0x0800077c   Section        0  llshl.o(.text)
    .text                                    0x0800079c   Section        0  llushr.o(.text)
    .text                                    0x080007be   Section        0  llsshr.o(.text)
    .text                                    0x080007e4   Section        0  __dczerorl.o(.text)
    i.Error_Handler                          0x0800081e   Section        0  main.o(i.Error_Handler)
    i.GY39                                   0x08000824   Section        0  main.o(i.GY39)
    i.HAL_DMA_Abort                          0x08000abc   Section        0  stm32g0xx_hal_dma.o(i.HAL_DMA_Abort)
    i.HAL_DMA_Abort_IT                       0x08000b3c   Section        0  stm32g0xx_hal_dma.o(i.HAL_DMA_Abort_IT)
    i.HAL_Delay                              0x08000bb8   Section        0  stm32g0xx_hal.o(i.HAL_Delay)
    i.HAL_GPIO_Init                          0x08000bdc   Section        0  stm32g0xx_hal_gpio.o(i.HAL_GPIO_Init)
    i.HAL_GPIO_TogglePin                     0x08000d28   Section        0  stm32g0xx_hal_gpio.o(i.HAL_GPIO_TogglePin)
    i.HAL_GPIO_WritePin                      0x08000d38   Section        0  stm32g0xx_hal_gpio.o(i.HAL_GPIO_WritePin)
    i.HAL_GetTick                            0x08000d44   Section        0  stm32g0xx_hal.o(i.HAL_GetTick)
    i.HAL_IncTick                            0x08000d50   Section        0  stm32g0xx_hal.o(i.HAL_IncTick)
    i.HAL_Init                               0x08000d60   Section        0  stm32g0xx_hal.o(i.HAL_Init)
    i.HAL_InitTick                           0x08000d88   Section        0  stm32g0xx_hal.o(i.HAL_InitTick)
    i.HAL_MspInit                            0x08000dd0   Section        0  stm32g0xx_hal_msp.o(i.HAL_MspInit)
    i.HAL_NVIC_EnableIRQ                     0x08000e04   Section        0  stm32g0xx_hal_cortex.o(i.HAL_NVIC_EnableIRQ)
    i.HAL_NVIC_SetPriority                   0x08000e1c   Section        0  stm32g0xx_hal_cortex.o(i.HAL_NVIC_SetPriority)
    i.HAL_PWREx_ControlVoltageScaling        0x08000e60   Section        0  stm32g0xx_hal_pwr_ex.o(i.HAL_PWREx_ControlVoltageScaling)
    i.HAL_RCCEx_PeriphCLKConfig              0x08000eb0   Section        0  stm32g0xx_hal_rcc_ex.o(i.HAL_RCCEx_PeriphCLKConfig)
    i.HAL_RCC_ClockConfig                    0x08001038   Section        0  stm32g0xx_hal_rcc.o(i.HAL_RCC_ClockConfig)
    i.HAL_RCC_GetPCLK1Freq                   0x080011bc   Section        0  stm32g0xx_hal_rcc.o(i.HAL_RCC_GetPCLK1Freq)
    i.HAL_RCC_GetSysClockFreq                0x080011e4   Section        0  stm32g0xx_hal_rcc.o(i.HAL_RCC_GetSysClockFreq)
    i.HAL_RCC_OscConfig                      0x08001270   Section        0  stm32g0xx_hal_rcc.o(i.HAL_RCC_OscConfig)
    i.HAL_RTC_GetDate                        0x08001690   Section        0  stm32g0xx_hal_rtc.o(i.HAL_RTC_GetDate)
    i.HAL_RTC_GetTime                        0x080016e8   Section        0  stm32g0xx_hal_rtc.o(i.HAL_RTC_GetTime)
    i.HAL_RTC_Init                           0x08001754   Section        0  stm32g0xx_hal_rtc.o(i.HAL_RTC_Init)
    i.HAL_RTC_MspInit                        0x08001804   Section        0  stm32g0xx_hal_msp.o(i.HAL_RTC_MspInit)
    i.HAL_RTC_SetDate                        0x08001864   Section        0  stm32g0xx_hal_rtc.o(i.HAL_RTC_SetDate)
    i.HAL_RTC_SetTime                        0x08001904   Section        0  stm32g0xx_hal_rtc.o(i.HAL_RTC_SetTime)
    i.HAL_SYSCFG_StrobeDBattpinsConfig       0x080019c8   Section        0  stm32g0xx_hal.o(i.HAL_SYSCFG_StrobeDBattpinsConfig)
    i.HAL_SYSTICK_Config                     0x080019dc   Section        0  stm32g0xx_hal_cortex.o(i.HAL_SYSTICK_Config)
    i.HAL_TIMEx_Break2Callback               0x08001a18   Section        0  stm32g0xx_hal_tim_ex.o(i.HAL_TIMEx_Break2Callback)
    i.HAL_TIMEx_BreakCallback                0x08001a1a   Section        0  stm32g0xx_hal_tim_ex.o(i.HAL_TIMEx_BreakCallback)
    i.HAL_TIMEx_CommutCallback               0x08001a1c   Section        0  stm32g0xx_hal_tim_ex.o(i.HAL_TIMEx_CommutCallback)
    i.HAL_TIMEx_MasterConfigSynchronization  0x08001a20   Section        0  stm32g0xx_hal_tim_ex.o(i.HAL_TIMEx_MasterConfigSynchronization)
    i.HAL_TIM_Base_Init                      0x08001a8c   Section        0  stm32g0xx_hal_tim.o(i.HAL_TIM_Base_Init)
    i.HAL_TIM_Base_MspInit                   0x08001ad8   Section        0  stm32g0xx_hal_msp.o(i.HAL_TIM_Base_MspInit)
    i.HAL_TIM_Base_Start_IT                  0x08001b88   Section        0  stm32g0xx_hal_tim.o(i.HAL_TIM_Base_Start_IT)
    i.HAL_TIM_Base_Stop_IT                   0x08001be4   Section        0  stm32g0xx_hal_tim.o(i.HAL_TIM_Base_Stop_IT)
    i.HAL_TIM_IC_CaptureCallback             0x08001c18   Section        0  stm32g0xx_hal_tim.o(i.HAL_TIM_IC_CaptureCallback)
    i.HAL_TIM_IRQHandler                     0x08001c1c   Section        0  stm32g0xx_hal_tim.o(i.HAL_TIM_IRQHandler)
    i.HAL_TIM_OC_DelayElapsedCallback        0x08001da0   Section        0  stm32g0xx_hal_tim.o(i.HAL_TIM_OC_DelayElapsedCallback)
    i.HAL_TIM_PWM_PulseFinishedCallback      0x08001da2   Section        0  stm32g0xx_hal_tim.o(i.HAL_TIM_PWM_PulseFinishedCallback)
    i.HAL_TIM_PeriodElapsedCallback          0x08001da4   Section        0  main.o(i.HAL_TIM_PeriodElapsedCallback)
    i.HAL_TIM_TriggerCallback                0x08001e28   Section        0  stm32g0xx_hal_tim.o(i.HAL_TIM_TriggerCallback)
    i.HAL_UARTEx_DisableFifoMode             0x08001e2a   Section        0  stm32g0xx_hal_uart_ex.o(i.HAL_UARTEx_DisableFifoMode)
    i.HAL_UARTEx_RxEventCallback             0x08001e68   Section        0  stm32g0xx_hal_uart.o(i.HAL_UARTEx_RxEventCallback)
    i.HAL_UARTEx_RxFifoFullCallback          0x08001e6a   Section        0  stm32g0xx_hal_uart_ex.o(i.HAL_UARTEx_RxFifoFullCallback)
    i.HAL_UARTEx_SetRxFifoThreshold          0x08001e6c   Section        0  stm32g0xx_hal_uart_ex.o(i.HAL_UARTEx_SetRxFifoThreshold)
    i.HAL_UARTEx_SetTxFifoThreshold          0x08001eb4   Section        0  stm32g0xx_hal_uart_ex.o(i.HAL_UARTEx_SetTxFifoThreshold)
    i.HAL_UARTEx_TxFifoEmptyCallback         0x08001efa   Section        0  stm32g0xx_hal_uart_ex.o(i.HAL_UARTEx_TxFifoEmptyCallback)
    i.HAL_UARTEx_WakeupCallback              0x08001efc   Section        0  stm32g0xx_hal_uart_ex.o(i.HAL_UARTEx_WakeupCallback)
    i.HAL_UART_ErrorCallback                 0x08001efe   Section        0  stm32g0xx_hal_uart.o(i.HAL_UART_ErrorCallback)
    i.HAL_UART_IRQHandler                    0x08001f00   Section        0  stm32g0xx_hal_uart.o(i.HAL_UART_IRQHandler)
    i.HAL_UART_Init                          0x080021fc   Section        0  stm32g0xx_hal_uart.o(i.HAL_UART_Init)
    i.HAL_UART_MspInit                       0x08002268   Section        0  stm32g0xx_hal_msp.o(i.HAL_UART_MspInit)
    i.HAL_UART_Receive_IT                    0x08002418   Section        0  stm32g0xx_hal_uart.o(i.HAL_UART_Receive_IT)
    i.HAL_UART_RxCpltCallback                0x08002470   Section        0  main.o(i.HAL_UART_RxCpltCallback)
    i.HAL_UART_Transmit                      0x08002564   Section        0  stm32g0xx_hal_uart.o(i.HAL_UART_Transmit)
    i.HAL_UART_TxCpltCallback                0x0800263a   Section        0  stm32g0xx_hal_uart.o(i.HAL_UART_TxCpltCallback)
    i.HardFault_Handler                      0x0800263c   Section        0  stm32g0xx_it.o(i.HardFault_Handler)
    i.MX_GPIO_Init                           0x08002640   Section        0  main.o(i.MX_GPIO_Init)
    MX_GPIO_Init                             0x08002641   Thumb Code   108  main.o(i.MX_GPIO_Init)
    i.NMI_Handler                            0x080026b4   Section        0  stm32g0xx_it.o(i.NMI_Handler)
    i.PendSV_Handler                         0x080026b6   Section        0  stm32g0xx_it.o(i.PendSV_Handler)
    i.RS485                                  0x080026b8   Section        0  main.o(i.RS485)
    i.RTC_ByteToBcd2                         0x08002994   Section        0  stm32g0xx_hal_rtc.o(i.RTC_ByteToBcd2)
    i.RTC_EnterInitMode                      0x080029ac   Section        0  stm32g0xx_hal_rtc.o(i.RTC_EnterInitMode)
    i.RTC_ExitInitMode                       0x080029f0   Section        0  stm32g0xx_hal_rtc.o(i.RTC_ExitInitMode)
    i.SVC_Handler                            0x08002a94   Section        0  stm32g0xx_it.o(i.SVC_Handler)
    i.SysTick_Handler                        0x08002a96   Section        0  stm32g0xx_it.o(i.SysTick_Handler)
    i.SystemClock_Config                     0x08002a9e   Section        0  main.o(i.SystemClock_Config)
    i.SystemInit                             0x08002b18   Section        0  system_stm32g0xx.o(i.SystemInit)
    i.TIM14_IRQHandler                       0x08002b1c   Section        0  stm32g0xx_it.o(i.TIM14_IRQHandler)
    i.TIM16_IRQHandler                       0x08002b4c   Section        0  stm32g0xx_it.o(i.TIM16_IRQHandler)
    i.TIM6_IRQHandler                        0x08002b5c   Section        0  stm32g0xx_it.o(i.TIM6_IRQHandler)
    i.TIM7_IRQHandler                        0x08002b6c   Section        0  stm32g0xx_it.o(i.TIM7_IRQHandler)
    i.TIME                                   0x08002bbc   Section        0  main.o(i.TIME)
    i.TIM_Base_SetConfig                     0x08002eb8   Section        0  stm32g0xx_hal_tim.o(i.TIM_Base_SetConfig)
    i.UARTEx_SetNbDataToProcess              0x08002f40   Section        0  stm32g0xx_hal_uart_ex.o(i.UARTEx_SetNbDataToProcess)
    UARTEx_SetNbDataToProcess                0x08002f41   Thumb Code    60  stm32g0xx_hal_uart_ex.o(i.UARTEx_SetNbDataToProcess)
    i.UART_AdvFeatureConfig                  0x08002f84   Section        0  stm32g0xx_hal_uart.o(i.UART_AdvFeatureConfig)
    i.UART_CheckIdleState                    0x08003050   Section        0  stm32g0xx_hal_uart.o(i.UART_CheckIdleState)
    i.UART_DMAAbortOnError                   0x080030bc   Section        0  stm32g0xx_hal_uart.o(i.UART_DMAAbortOnError)
    UART_DMAAbortOnError                     0x080030bd   Thumb Code    20  stm32g0xx_hal_uart.o(i.UART_DMAAbortOnError)
    i.UART_EndRxTransfer                     0x080030d0   Section        0  stm32g0xx_hal_uart.o(i.UART_EndRxTransfer)
    UART_EndRxTransfer                       0x080030d1   Thumb Code    96  stm32g0xx_hal_uart.o(i.UART_EndRxTransfer)
    i.UART_RxISR_16BIT                       0x08003134   Section        0  stm32g0xx_hal_uart.o(i.UART_RxISR_16BIT)
    UART_RxISR_16BIT                         0x08003135   Thumb Code   176  stm32g0xx_hal_uart.o(i.UART_RxISR_16BIT)
    i.UART_RxISR_16BIT_FIFOEN                0x080031e4   Section        0  stm32g0xx_hal_uart.o(i.UART_RxISR_16BIT_FIFOEN)
    UART_RxISR_16BIT_FIFOEN                  0x080031e5   Thumb Code   376  stm32g0xx_hal_uart.o(i.UART_RxISR_16BIT_FIFOEN)
    i.UART_RxISR_8BIT                        0x08003364   Section        0  stm32g0xx_hal_uart.o(i.UART_RxISR_8BIT)
    UART_RxISR_8BIT                          0x08003365   Thumb Code   176  stm32g0xx_hal_uart.o(i.UART_RxISR_8BIT)
    i.UART_RxISR_8BIT_FIFOEN                 0x08003414   Section        0  stm32g0xx_hal_uart.o(i.UART_RxISR_8BIT_FIFOEN)
    UART_RxISR_8BIT_FIFOEN                   0x08003415   Thumb Code   376  stm32g0xx_hal_uart.o(i.UART_RxISR_8BIT_FIFOEN)
    i.UART_SetConfig                         0x08003594   Section        0  stm32g0xx_hal_uart.o(i.UART_SetConfig)
    i.UART_Start_Receive_IT                  0x08003734   Section        0  stm32g0xx_hal_uart.o(i.UART_Start_Receive_IT)
    i.UART_WaitOnFlagUntilTimeout            0x0800386c   Section        0  stm32g0xx_hal_uart.o(i.UART_WaitOnFlagUntilTimeout)
    i.USART1_IRQHandler                      0x08003960   Section        0  stm32g0xx_it.o(i.USART1_IRQHandler)
    i.USART2_IRQHandler                      0x08003970   Section        0  stm32g0xx_it.o(i.USART2_IRQHandler)
    i.USART3_4_IRQHandler                    0x08003980   Section        0  stm32g0xx_it.o(i.USART3_4_IRQHandler)
    i.__0sprintf                             0x08003998   Section        0  printfa.o(i.__0sprintf)
    i.__ARM_clz                              0x080039c0   Section        0  depilogue.o(i.__ARM_clz)
    i.__scatterload_copy                     0x080039ee   Section       14  handlers.o(i.__scatterload_copy)
    i.__scatterload_null                     0x080039fc   Section        2  handlers.o(i.__scatterload_null)
    i.__scatterload_zeroinit                 0x080039fe   Section       14  handlers.o(i.__scatterload_zeroinit)
    i._fp_digits                             0x08003a0c   Section        0  printfa.o(i._fp_digits)
    _fp_digits                               0x08003a0d   Thumb Code   344  printfa.o(i._fp_digits)
    i._printf_core                           0x08003b80   Section        0  printfa.o(i._printf_core)
    _printf_core                             0x08003b81   Thumb Code  1754  printfa.o(i._printf_core)
    i._printf_post_padding                   0x0800426c   Section        0  printfa.o(i._printf_post_padding)
    _printf_post_padding                     0x0800426d   Thumb Code    32  printfa.o(i._printf_post_padding)
    i._printf_pre_padding                    0x0800428c   Section        0  printfa.o(i._printf_pre_padding)
    _printf_pre_padding                      0x0800428d   Thumb Code    44  printfa.o(i._printf_pre_padding)
    i._sputc                                 0x080042b8   Section        0  printfa.o(i._sputc)
    _sputc                                   0x080042b9   Thumb Code    10  printfa.o(i._sputc)
    i.crc16                                  0x080042c4   Section        0  main.o(i.crc16)
    i.main                                   0x08004344   Section        0  main.o(i.main)
    .constdata                               0x080046cc   Section       24  stm32g0xx_hal_uart.o(.constdata)
    .constdata                               0x080046e4   Section       16  stm32g0xx_hal_uart_ex.o(.constdata)
    numerator                                0x080046e4   Data           8  stm32g0xx_hal_uart_ex.o(.constdata)
    denominator                              0x080046ec   Data           8  stm32g0xx_hal_uart_ex.o(.constdata)
    .constdata                               0x080046f4   Section       64  system_stm32g0xx.o(.constdata)
    .constdata                               0x08004734   Section       32  system_stm32g0xx.o(.constdata)
    .data                                    0x20000000   Section       12  stm32g0xx_hal.o(.data)
    .data                                    0x2000000c   Section        4  system_stm32g0xx.o(.data)
    .data                                    0x20000010   Section     1000  main_global.o(.data)
    .data                                    0x200003f8   Section     1000  main_global.o(.data)
    .data                                    0x200007e0   Section        1  main_global.o(.data)
    .data                                    0x200007e1   Section     1000  main_global.o(.data)
    .data                                    0x20000bc9   Section     1000  main_global.o(.data)
    .data                                    0x20000fb1   Section        1  main_global.o(.data)
    .data                                    0x20000fb2   Section     1000  main_global.o(.data)
    .data                                    0x2000139a   Section     1000  main_global.o(.data)
    .data                                    0x20001782   Section        1  main_global.o(.data)
    .data                                    0x20001783   Section        1  main_global.o(.data)
    .data                                    0x20001784   Section     1000  main_global.o(.data)
    .data                                    0x20001b6c   Section     1000  main_global.o(.data)
    .data                                    0x20001f54   Section        1  main_global.o(.data)
    .data                                    0x20001f56   Section       33  main.o(.data)
    .data                                    0x20001f77   Section        1  main.o(.data)
    .data                                    0x20001f78   Section        1  main.o(.data)
    .data                                    0x20001f79   Section        1  main.o(.data)
    .bss                                     0x20001f7c   Section     1160  main.o(.bss)
    STACK                                    0x20002408   Section     1024  startup_stm32g070xx.o(STACK)

    Global Symbols

    Symbol Name                              Value     Ov Type        Size  Object(Section)

    BuildAttributes$$THM_ISAv3M$S$PE$A:L22$X:L11$S22$IEEE1$IW$USESV6$~STKCKD$USESV7$~SHL$OTIME$ROPI$EBA8$MICROLIB$REQ8$PRES8$EABIv2 0x00000000   Number         0  anon$$obj.o ABSOLUTE
    __ARM_use_no_argv                        0x00000000   Number         0  main.o ABSOLUTE
    _printf_a                                0x00000000   Number         0  stubs.o ABSOLUTE
    _printf_c                                0x00000000   Number         0  stubs.o ABSOLUTE
    _printf_charcount                        0x00000000   Number         0  stubs.o ABSOLUTE
    _printf_d                                0x00000000   Number         0  stubs.o ABSOLUTE
    _printf_e                                0x00000000   Number         0  stubs.o ABSOLUTE
    _printf_f                                0x00000000   Number         0  stubs.o ABSOLUTE
    _printf_flags                            0x00000000   Number         0  stubs.o ABSOLUTE
    _printf_fp_dec                           0x00000000   Number         0  stubs.o ABSOLUTE
    _printf_fp_hex                           0x00000000   Number         0  stubs.o ABSOLUTE
    _printf_g                                0x00000000   Number         0  stubs.o ABSOLUTE
    _printf_i                                0x00000000   Number         0  stubs.o ABSOLUTE
    _printf_int_dec                          0x00000000   Number         0  stubs.o ABSOLUTE
    _printf_l                                0x00000000   Number         0  stubs.o ABSOLUTE
    _printf_lc                               0x00000000   Number         0  stubs.o ABSOLUTE
    _printf_ll                               0x00000000   Number         0  stubs.o ABSOLUTE
    _printf_lld                              0x00000000   Number         0  stubs.o ABSOLUTE
    _printf_lli                              0x00000000   Number         0  stubs.o ABSOLUTE
    _printf_llo                              0x00000000   Number         0  stubs.o ABSOLUTE
    _printf_llu                              0x00000000   Number         0  stubs.o ABSOLUTE
    _printf_llx                              0x00000000   Number         0  stubs.o ABSOLUTE
    _printf_longlong_dec                     0x00000000   Number         0  stubs.o ABSOLUTE
    _printf_longlong_hex                     0x00000000   Number         0  stubs.o ABSOLUTE
    _printf_longlong_oct                     0x00000000   Number         0  stubs.o ABSOLUTE
    _printf_ls                               0x00000000   Number         0  stubs.o ABSOLUTE
    _printf_mbtowc                           0x00000000   Number         0  stubs.o ABSOLUTE
    _printf_n                                0x00000000   Number         0  stubs.o ABSOLUTE
    _printf_o                                0x00000000   Number         0  stubs.o ABSOLUTE
    _printf_p                                0x00000000   Number         0  stubs.o ABSOLUTE
    _printf_percent                          0x00000000   Number         0  stubs.o ABSOLUTE
    _printf_pre_padding                      0x00000000   Number         0  stubs.o ABSOLUTE
    _printf_return_value                     0x00000000   Number         0  stubs.o ABSOLUTE
    _printf_s                                0x00000000   Number         0  stubs.o ABSOLUTE
    _printf_sizespec                         0x00000000   Number         0  stubs.o ABSOLUTE
    _printf_str                              0x00000000   Number         0  stubs.o ABSOLUTE
    _printf_truncate_signed                  0x00000000   Number         0  stubs.o ABSOLUTE
    _printf_truncate_unsigned                0x00000000   Number         0  stubs.o ABSOLUTE
    _printf_u                                0x00000000   Number         0  stubs.o ABSOLUTE
    _printf_wc                               0x00000000   Number         0  stubs.o ABSOLUTE
    _printf_wctomb                           0x00000000   Number         0  stubs.o ABSOLUTE
    _printf_widthprec                        0x00000000   Number         0  stubs.o ABSOLUTE
    _printf_x                                0x00000000   Number         0  stubs.o ABSOLUTE
    __cpp_initialize__aeabi_                  - Undefined Weak Reference
    __cxa_finalize                            - Undefined Weak Reference
    _clock_init                               - Undefined Weak Reference
    _microlib_exit                            - Undefined Weak Reference
    __Vectors_Size                           0x000000b8   Number         0  startup_stm32g070xx.o ABSOLUTE
    __Vectors                                0x08000000   Data           4  startup_stm32g070xx.o(RESET)
    __Vectors_End                            0x080000b8   Data           0  startup_stm32g070xx.o(RESET)
    __main                                   0x080000b9   Thumb Code     0  entry.o(.ARM.Collect$$$$00000000)
    _main_stk                                0x080000b9   Thumb Code     0  entry2.o(.ARM.Collect$$$$00000001)
    _main_scatterload                        0x080000bd   Thumb Code     0  entry5.o(.ARM.Collect$$$$00000004)
    __main_after_scatterload                 0x080000c1   Thumb Code     0  entry5.o(.ARM.Collect$$$$00000004)
    _main_clock                              0x080000c1   Thumb Code     0  entry7b.o(.ARM.Collect$$$$00000008)
    _main_cpp_init                           0x080000c1   Thumb Code     0  entry8b.o(.ARM.Collect$$$$0000000A)
    _main_init                               0x080000c1   Thumb Code     0  entry9a.o(.ARM.Collect$$$$0000000B)
    __rt_final_cpp                           0x080000c9   Thumb Code     0  entry10a.o(.ARM.Collect$$$$0000000D)
    __rt_final_exit                          0x080000c9   Thumb Code     0  entry11a.o(.ARM.Collect$$$$0000000F)
    Reset_Handler                            0x080000cd   Thumb Code     8  startup_stm32g070xx.o(.text)
    ADC1_IRQHandler                          0x080000df   Thumb Code     0  startup_stm32g070xx.o(.text)
    DMA1_Ch4_7_DMAMUX1_OVR_IRQHandler        0x080000df   Thumb Code     0  startup_stm32g070xx.o(.text)
    DMA1_Channel1_IRQHandler                 0x080000df   Thumb Code     0  startup_stm32g070xx.o(.text)
    DMA1_Channel2_3_IRQHandler               0x080000df   Thumb Code     0  startup_stm32g070xx.o(.text)
    EXTI0_1_IRQHandler                       0x080000df   Thumb Code     0  startup_stm32g070xx.o(.text)
    EXTI2_3_IRQHandler                       0x080000df   Thumb Code     0  startup_stm32g070xx.o(.text)
    EXTI4_15_IRQHandler                      0x080000df   Thumb Code     0  startup_stm32g070xx.o(.text)
    FLASH_IRQHandler                         0x080000df   Thumb Code     0  startup_stm32g070xx.o(.text)
    I2C1_IRQHandler                          0x080000df   Thumb Code     0  startup_stm32g070xx.o(.text)
    I2C2_IRQHandler                          0x080000df   Thumb Code     0  startup_stm32g070xx.o(.text)
    RCC_IRQHandler                           0x080000df   Thumb Code     0  startup_stm32g070xx.o(.text)
    RTC_TAMP_IRQHandler                      0x080000df   Thumb Code     0  startup_stm32g070xx.o(.text)
    SPI1_IRQHandler                          0x080000df   Thumb Code     0  startup_stm32g070xx.o(.text)
    SPI2_IRQHandler                          0x080000df   Thumb Code     0  startup_stm32g070xx.o(.text)
    TIM15_IRQHandler                         0x080000df   Thumb Code     0  startup_stm32g070xx.o(.text)
    TIM17_IRQHandler                         0x080000df   Thumb Code     0  startup_stm32g070xx.o(.text)
    TIM1_BRK_UP_TRG_COM_IRQHandler           0x080000df   Thumb Code     0  startup_stm32g070xx.o(.text)
    TIM1_CC_IRQHandler                       0x080000df   Thumb Code     0  startup_stm32g070xx.o(.text)
    TIM3_IRQHandler                          0x080000df   Thumb Code     0  startup_stm32g070xx.o(.text)
    WWDG_IRQHandler                          0x080000df   Thumb Code     0  startup_stm32g070xx.o(.text)
    __aeabi_uidiv                            0x080000e9   Thumb Code     0  uidiv.o(.text)
    __aeabi_uidivmod                         0x080000e9   Thumb Code    44  uidiv.o(.text)
    __aeabi_memcpy                           0x08000115   Thumb Code    36  memcpya.o(.text)
    __aeabi_memcpy4                          0x08000115   Thumb Code     0  memcpya.o(.text)
    __aeabi_memcpy8                          0x08000115   Thumb Code     0  memcpya.o(.text)
    __aeabi_memset                           0x08000139   Thumb Code    14  memseta.o(.text)
    __aeabi_memset4                          0x08000139   Thumb Code     0  memseta.o(.text)
    __aeabi_memset8                          0x08000139   Thumb Code     0  memseta.o(.text)
    __aeabi_memclr                           0x08000147   Thumb Code     4  memseta.o(.text)
    __aeabi_memclr4                          0x08000147   Thumb Code     0  memseta.o(.text)
    __aeabi_memclr8                          0x08000147   Thumb Code     0  memseta.o(.text)
    _memset$wrapper                          0x0800014b   Thumb Code    18  memseta.o(.text)
    __aeabi_fdiv                             0x0800015d   Thumb Code   124  fdiv.o(.text)
    __aeabi_ddiv                             0x080001d9   Thumb Code   234  ddiv.o(.text)
    __aeabi_ui2f                             0x080002c9   Thumb Code    14  ffltui.o(.text)
    __aeabi_ui2d                             0x080002d9   Thumb Code    24  dfltui.o(.text)
    __aeabi_f2d                              0x080002f5   Thumb Code    40  f2d.o(.text)
    __aeabi_uldivmod                         0x0800031d   Thumb Code    96  uldiv.o(.text)
    __I$use$fp                               0x0800037d   Thumb Code     0  iusefp.o(.text)
    _float_round                             0x0800037d   Thumb Code    16  fepilogue.o(.text)
    _float_epilogue                          0x0800038d   Thumb Code   114  fepilogue.o(.text)
    _double_round                            0x080003ff   Thumb Code    26  depilogue.o(.text)
    _double_epilogue                         0x08000419   Thumb Code   164  depilogue.o(.text)
    __aeabi_dadd                             0x080004bd   Thumb Code   328  dadd.o(.text)
    __aeabi_dsub                             0x08000605   Thumb Code    12  dadd.o(.text)
    __aeabi_drsub                            0x08000611   Thumb Code    12  dadd.o(.text)
    __aeabi_dmul                             0x08000621   Thumb Code   202  dmul.o(.text)
    __aeabi_d2ulz                            0x080006f1   Thumb Code    54  dfixul.o(.text)
    __aeabi_cdrcmple                         0x08000731   Thumb Code    38  cdrcmple.o(.text)
    __scatterload                            0x08000759   Thumb Code    28  init.o(.text)
    __scatterload_rt2                        0x08000759   Thumb Code     0  init.o(.text)
    __aeabi_llsl                             0x0800077d   Thumb Code    32  llshl.o(.text)
    _ll_shift_l                              0x0800077d   Thumb Code     0  llshl.o(.text)
    __aeabi_llsr                             0x0800079d   Thumb Code    34  llushr.o(.text)
    _ll_ushift_r                             0x0800079d   Thumb Code     0  llushr.o(.text)
    __aeabi_lasr                             0x080007bf   Thumb Code    38  llsshr.o(.text)
    _ll_sshift_r                             0x080007bf   Thumb Code     0  llsshr.o(.text)
    __decompress                             0x080007e5   Thumb Code     0  __dczerorl.o(.text)
    __decompress0                            0x080007e5   Thumb Code    58  __dczerorl.o(.text)
    Error_Handler                            0x0800081f   Thumb Code     4  main.o(i.Error_Handler)
    GY39                                     0x08000825   Thumb Code   492  main.o(i.GY39)
    HAL_DMA_Abort                            0x08000abd   Thumb Code   122  stm32g0xx_hal_dma.o(i.HAL_DMA_Abort)
    HAL_DMA_Abort_IT                         0x08000b3d   Thumb Code   118  stm32g0xx_hal_dma.o(i.HAL_DMA_Abort_IT)
    HAL_Delay                                0x08000bb9   Thumb Code    32  stm32g0xx_hal.o(i.HAL_Delay)
    HAL_GPIO_Init                            0x08000bdd   Thumb Code   312  stm32g0xx_hal_gpio.o(i.HAL_GPIO_Init)
    HAL_GPIO_TogglePin                       0x08000d29   Thumb Code    16  stm32g0xx_hal_gpio.o(i.HAL_GPIO_TogglePin)
    HAL_GPIO_WritePin                        0x08000d39   Thumb Code    12  stm32g0xx_hal_gpio.o(i.HAL_GPIO_WritePin)
    HAL_GetTick                              0x08000d45   Thumb Code     6  stm32g0xx_hal.o(i.HAL_GetTick)
    HAL_IncTick                              0x08000d51   Thumb Code    12  stm32g0xx_hal.o(i.HAL_IncTick)
    HAL_Init                                 0x08000d61   Thumb Code    36  stm32g0xx_hal.o(i.HAL_Init)
    HAL_InitTick                             0x08000d89   Thumb Code    64  stm32g0xx_hal.o(i.HAL_InitTick)
    HAL_MspInit                              0x08000dd1   Thumb Code    44  stm32g0xx_hal_msp.o(i.HAL_MspInit)
    HAL_NVIC_EnableIRQ                       0x08000e05   Thumb Code    18  stm32g0xx_hal_cortex.o(i.HAL_NVIC_EnableIRQ)
    HAL_NVIC_SetPriority                     0x08000e1d   Thumb Code    60  stm32g0xx_hal_cortex.o(i.HAL_NVIC_SetPriority)
    HAL_PWREx_ControlVoltageScaling          0x08000e61   Thumb Code    66  stm32g0xx_hal_pwr_ex.o(i.HAL_PWREx_ControlVoltageScaling)
    HAL_RCCEx_PeriphCLKConfig                0x08000eb1   Thumb Code   374  stm32g0xx_hal_rcc_ex.o(i.HAL_RCCEx_PeriphCLKConfig)
    HAL_RCC_ClockConfig                      0x08001039   Thumb Code   360  stm32g0xx_hal_rcc.o(i.HAL_RCC_ClockConfig)
    HAL_RCC_GetPCLK1Freq                     0x080011bd   Thumb Code    26  stm32g0xx_hal_rcc.o(i.HAL_RCC_GetPCLK1Freq)
    HAL_RCC_GetSysClockFreq                  0x080011e5   Thumb Code   130  stm32g0xx_hal_rcc.o(i.HAL_RCC_GetSysClockFreq)
    HAL_RCC_OscConfig                        0x08001271   Thumb Code  1056  stm32g0xx_hal_rcc.o(i.HAL_RCC_OscConfig)
    HAL_RTC_GetDate                          0x08001691   Thumb Code    88  stm32g0xx_hal_rtc.o(i.HAL_RTC_GetDate)
    HAL_RTC_GetTime                          0x080016e9   Thumb Code   102  stm32g0xx_hal_rtc.o(i.HAL_RTC_GetTime)
    HAL_RTC_Init                             0x08001755   Thumb Code   172  stm32g0xx_hal_rtc.o(i.HAL_RTC_Init)
    HAL_RTC_MspInit                          0x08001805   Thumb Code    84  stm32g0xx_hal_msp.o(i.HAL_RTC_MspInit)
    HAL_RTC_SetDate                          0x08001865   Thumb Code   154  stm32g0xx_hal_rtc.o(i.HAL_RTC_SetDate)
    HAL_RTC_SetTime                          0x08001905   Thumb Code   192  stm32g0xx_hal_rtc.o(i.HAL_RTC_SetTime)
    HAL_SYSCFG_StrobeDBattpinsConfig         0x080019c9   Thumb Code    16  stm32g0xx_hal.o(i.HAL_SYSCFG_StrobeDBattpinsConfig)
    HAL_SYSTICK_Config                       0x080019dd   Thumb Code    46  stm32g0xx_hal_cortex.o(i.HAL_SYSTICK_Config)
    HAL_TIMEx_Break2Callback                 0x08001a19   Thumb Code     2  stm32g0xx_hal_tim_ex.o(i.HAL_TIMEx_Break2Callback)
    HAL_TIMEx_BreakCallback                  0x08001a1b   Thumb Code     2  stm32g0xx_hal_tim_ex.o(i.HAL_TIMEx_BreakCallback)
    HAL_TIMEx_CommutCallback                 0x08001a1d   Thumb Code     2  stm32g0xx_hal_tim_ex.o(i.HAL_TIMEx_CommutCallback)
    HAL_TIMEx_MasterConfigSynchronization    0x08001a21   Thumb Code    96  stm32g0xx_hal_tim_ex.o(i.HAL_TIMEx_MasterConfigSynchronization)
    HAL_TIM_Base_Init                        0x08001a8d   Thumb Code    74  stm32g0xx_hal_tim.o(i.HAL_TIM_Base_Init)
    HAL_TIM_Base_MspInit                     0x08001ad9   Thumb Code   150  stm32g0xx_hal_msp.o(i.HAL_TIM_Base_MspInit)
    HAL_TIM_Base_Start_IT                    0x08001b89   Thumb Code    74  stm32g0xx_hal_tim.o(i.HAL_TIM_Base_Start_IT)
    HAL_TIM_Base_Stop_IT                     0x08001be5   Thumb Code    46  stm32g0xx_hal_tim.o(i.HAL_TIM_Base_Stop_IT)
    HAL_TIM_IC_CaptureCallback               0x08001c19   Thumb Code     2  stm32g0xx_hal_tim.o(i.HAL_TIM_IC_CaptureCallback)
    HAL_TIM_IRQHandler                       0x08001c1d   Thumb Code   382  stm32g0xx_hal_tim.o(i.HAL_TIM_IRQHandler)
    HAL_TIM_OC_DelayElapsedCallback          0x08001da1   Thumb Code     2  stm32g0xx_hal_tim.o(i.HAL_TIM_OC_DelayElapsedCallback)
    HAL_TIM_PWM_PulseFinishedCallback        0x08001da3   Thumb Code     2  stm32g0xx_hal_tim.o(i.HAL_TIM_PWM_PulseFinishedCallback)
    HAL_TIM_PeriodElapsedCallback            0x08001da5   Thumb Code    98  main.o(i.HAL_TIM_PeriodElapsedCallback)
    HAL_TIM_TriggerCallback                  0x08001e29   Thumb Code     2  stm32g0xx_hal_tim.o(i.HAL_TIM_TriggerCallback)
    HAL_UARTEx_DisableFifoMode               0x08001e2b   Thumb Code    62  stm32g0xx_hal_uart_ex.o(i.HAL_UARTEx_DisableFifoMode)
    HAL_UARTEx_RxEventCallback               0x08001e69   Thumb Code     2  stm32g0xx_hal_uart.o(i.HAL_UARTEx_RxEventCallback)
    HAL_UARTEx_RxFifoFullCallback            0x08001e6b   Thumb Code     2  stm32g0xx_hal_uart_ex.o(i.HAL_UARTEx_RxFifoFullCallback)
    HAL_UARTEx_SetRxFifoThreshold            0x08001e6d   Thumb Code    72  stm32g0xx_hal_uart_ex.o(i.HAL_UARTEx_SetRxFifoThreshold)
    HAL_UARTEx_SetTxFifoThreshold            0x08001eb5   Thumb Code    70  stm32g0xx_hal_uart_ex.o(i.HAL_UARTEx_SetTxFifoThreshold)
    HAL_UARTEx_TxFifoEmptyCallback           0x08001efb   Thumb Code     2  stm32g0xx_hal_uart_ex.o(i.HAL_UARTEx_TxFifoEmptyCallback)
    HAL_UARTEx_WakeupCallback                0x08001efd   Thumb Code     2  stm32g0xx_hal_uart_ex.o(i.HAL_UARTEx_WakeupCallback)
    HAL_UART_ErrorCallback                   0x08001eff   Thumb Code     2  stm32g0xx_hal_uart.o(i.HAL_UART_ErrorCallback)
    HAL_UART_IRQHandler                      0x08001f01   Thumb Code   742  stm32g0xx_hal_uart.o(i.HAL_UART_IRQHandler)
    HAL_UART_Init                            0x080021fd   Thumb Code   106  stm32g0xx_hal_uart.o(i.HAL_UART_Init)
    HAL_UART_MspInit                         0x08002269   Thumb Code   404  stm32g0xx_hal_msp.o(i.HAL_UART_MspInit)
    HAL_UART_Receive_IT                      0x08002419   Thumb Code    88  stm32g0xx_hal_uart.o(i.HAL_UART_Receive_IT)
    HAL_UART_RxCpltCallback                  0x08002471   Thumb Code   164  main.o(i.HAL_UART_RxCpltCallback)
    HAL_UART_Transmit                        0x08002565   Thumb Code   214  stm32g0xx_hal_uart.o(i.HAL_UART_Transmit)
    HAL_UART_TxCpltCallback                  0x0800263b   Thumb Code     2  stm32g0xx_hal_uart.o(i.HAL_UART_TxCpltCallback)
    HardFault_Handler                        0x0800263d   Thumb Code     2  stm32g0xx_it.o(i.HardFault_Handler)
    NMI_Handler                              0x080026b5   Thumb Code     2  stm32g0xx_it.o(i.NMI_Handler)
    PendSV_Handler                           0x080026b7   Thumb Code     2  stm32g0xx_it.o(i.PendSV_Handler)
    RS485                                    0x080026b9   Thumb Code   458  main.o(i.RS485)
    RTC_ByteToBcd2                           0x08002995   Thumb Code    24  stm32g0xx_hal_rtc.o(i.RTC_ByteToBcd2)
    RTC_EnterInitMode                        0x080029ad   Thumb Code    68  stm32g0xx_hal_rtc.o(i.RTC_EnterInitMode)
    RTC_ExitInitMode                         0x080029f1   Thumb Code   160  stm32g0xx_hal_rtc.o(i.RTC_ExitInitMode)
    SVC_Handler                              0x08002a95   Thumb Code     2  stm32g0xx_it.o(i.SVC_Handler)
    SysTick_Handler                          0x08002a97   Thumb Code     8  stm32g0xx_it.o(i.SysTick_Handler)
    SystemClock_Config                       0x08002a9f   Thumb Code   122  main.o(i.SystemClock_Config)
    SystemInit                               0x08002b19   Thumb Code     2  system_stm32g0xx.o(i.SystemInit)
    TIM14_IRQHandler                         0x08002b1d   Thumb Code    34  stm32g0xx_it.o(i.TIM14_IRQHandler)
    TIM16_IRQHandler                         0x08002b4d   Thumb Code    10  stm32g0xx_it.o(i.TIM16_IRQHandler)
    TIM6_IRQHandler                          0x08002b5d   Thumb Code    10  stm32g0xx_it.o(i.TIM6_IRQHandler)
    TIM7_IRQHandler                          0x08002b6d   Thumb Code    58  stm32g0xx_it.o(i.TIM7_IRQHandler)
    TIME                                     0x08002bbd   Thumb Code   510  main.o(i.TIME)
    TIM_Base_SetConfig                       0x08002eb9   Thumb Code   112  stm32g0xx_hal_tim.o(i.TIM_Base_SetConfig)
    UART_AdvFeatureConfig                    0x08002f85   Thumb Code   204  stm32g0xx_hal_uart.o(i.UART_AdvFeatureConfig)
    UART_CheckIdleState                      0x08003051   Thumb Code   102  stm32g0xx_hal_uart.o(i.UART_CheckIdleState)
    UART_SetConfig                           0x08003595   Thumb Code   370  stm32g0xx_hal_uart.o(i.UART_SetConfig)
    UART_Start_Receive_IT                    0x08003735   Thumb Code   290  stm32g0xx_hal_uart.o(i.UART_Start_Receive_IT)
    UART_WaitOnFlagUntilTimeout              0x0800386d   Thumb Code   242  stm32g0xx_hal_uart.o(i.UART_WaitOnFlagUntilTimeout)
    USART1_IRQHandler                        0x08003961   Thumb Code    10  stm32g0xx_it.o(i.USART1_IRQHandler)
    USART2_IRQHandler                        0x08003971   Thumb Code    10  stm32g0xx_it.o(i.USART2_IRQHandler)
    USART3_4_IRQHandler                      0x08003981   Thumb Code    16  stm32g0xx_it.o(i.USART3_4_IRQHandler)
    __0sprintf                               0x08003999   Thumb Code    36  printfa.o(i.__0sprintf)
    __1sprintf                               0x08003999   Thumb Code     0  printfa.o(i.__0sprintf)
    __2sprintf                               0x08003999   Thumb Code     0  printfa.o(i.__0sprintf)
    __c89sprintf                             0x08003999   Thumb Code     0  printfa.o(i.__0sprintf)
    sprintf                                  0x08003999   Thumb Code     0  printfa.o(i.__0sprintf)
    __ARM_clz                                0x080039c1   Thumb Code    46  depilogue.o(i.__ARM_clz)
    __scatterload_copy                       0x080039ef   Thumb Code    14  handlers.o(i.__scatterload_copy)
    __scatterload_null                       0x080039fd   Thumb Code     2  handlers.o(i.__scatterload_null)
    __scatterload_zeroinit                   0x080039ff   Thumb Code    14  handlers.o(i.__scatterload_zeroinit)
    crc16                                    0x080042c5   Thumb Code   120  main.o(i.crc16)
    main                                     0x08004345   Thumb Code   764  main.o(i.main)
    UARTPrescTable                           0x080046cc   Data          24  stm32g0xx_hal_uart.o(.constdata)
    AHBPrescTable                            0x080046f4   Data          64  system_stm32g0xx.o(.constdata)
    APBPrescTable                            0x08004734   Data          32  system_stm32g0xx.o(.constdata)
    Region$$Table$$Base                      0x08004754   Number         0  anon$$obj.o(Region$$Table)
    Region$$Table$$Limit                     0x08004774   Number         0  anon$$obj.o(Region$$Table)
    uwTickFreq                               0x20000000   Data           1  stm32g0xx_hal.o(.data)
    uwTickPrio                               0x20000004   Data           4  stm32g0xx_hal.o(.data)
    uwTick                                   0x20000008   Data           4  stm32g0xx_hal.o(.data)
    SystemCoreClock                          0x2000000c   Data           4  system_stm32g0xx.o(.data)
    g_uart1TxBuffer                          0x20000010   Data        1000  main_global.o(.data)
    g_uart1RxBuffer                          0x200003f8   Data        1000  main_global.o(.data)
    g_uart1RxBufferLen                       0x200007e0   Data           1  main_global.o(.data)
    g_uart2TxBuffer                          0x200007e1   Data        1000  main_global.o(.data)
    g_uart2RxBuffer                          0x20000bc9   Data        1000  main_global.o(.data)
    g_uart2RxBufferLen                       0x20000fb1   Data           1  main_global.o(.data)
    g_uart3TxBuffer                          0x20000fb2   Data        1000  main_global.o(.data)
    g_uart3RxBuffer                          0x2000139a   Data        1000  main_global.o(.data)
    g_uart3TxBufferLen                       0x20001782   Data           1  main_global.o(.data)
    g_uart3RxBufferLen                       0x20001783   Data           1  main_global.o(.data)
    g_uart4TxBuffer                          0x20001784   Data        1000  main_global.o(.data)
    g_uart4RxBuffer                          0x20001b6c   Data        1000  main_global.o(.data)
    g_uart4RxBufferLen                       0x20001f54   Data           1  main_global.o(.data)
    Receive_ok                               0x20001f56   Data           1  main.o(.data)
    lora_flag                                0x20001f57   Data           1  main.o(.data)
    rs485_flag                               0x20001f58   Data           1  main.o(.data)
    rs485_sendok                             0x20001f59   Data           1  main.o(.data)
    HMI_buf                                  0x20001f5a   Data           1  main.o(.data)
    rx_buf                                   0x20001f5b   Data           1  main.o(.data)
    Wind_lora                                0x20001f5c   Data           1  main.o(.data)
    rtc_flag                                 0x20001f5d   Data           1  main.o(.data)
    Wind_speed                               0x20001f5e   Data           2  main.o(.data)
    Wind_direction                           0x20001f60   Data           2  main.o(.data)
    GetData                                  0x20001f62   Data           4  main.o(.data)
    lora_WS                                  0x20001f66   Data           7  main.o(.data)
    errorBuffer                              0x20001f6d   Data          10  main.o(.data)
    lora_slow                                0x20001f77   Data           1  main.o(.data)
    rs485_slow                               0x20001f78   Data           1  main.o(.data)
    rtc_slow                                 0x20001f79   Data           1  main.o(.data)
    raw_data                                 0x20001f7c   Data          24  main.o(.bss)
    Bme                                      0x20001f94   Data          16  main.o(.bss)
    hrtc                                     0x20001fa4   Data          44  main.o(.bss)
    htim6                                    0x20001fd0   Data          76  main.o(.bss)
    htim7                                    0x2000201c   Data          76  main.o(.bss)
    htim14                                   0x20002068   Data          76  main.o(.bss)
    htim16                                   0x200020b4   Data          76  main.o(.bss)
    huart1                                   0x20002100   Data         148  main.o(.bss)
    huart2                                   0x20002194   Data         148  main.o(.bss)
    huart3                                   0x20002228   Data         148  main.o(.bss)
    huart4                                   0x200022bc   Data         148  main.o(.bss)
    HMI_data                                 0x20002350   Data          24  main.o(.bss)
    HMI_send                                 0x20002368   Data          24  main.o(.bss)
    lora_data                                0x20002380   Data          40  main.o(.bss)
    lora_GY39                                0x200023a8   Data          24  main.o(.bss)
    lora_WD                                  0x200023c0   Data           9  main.o(.bss)
    S_data                                   0x200023c9   Data          12  main.o(.bss)
    D_data1                                  0x200023d5   Data          12  main.o(.bss)
    D_data2                                  0x200023e1   Data          12  main.o(.bss)
    GetTime                                  0x200023f0   Data          20  main.o(.bss)
    __initial_sp                             0x20002808   Data           0  startup_stm32g070xx.o(STACK)



==============================================================================

Memory Map of the image

  Image Entry point : 0x080000b9

  Load Region LR_IROM1 (Base: 0x08000000, Size: 0x000066f0, Max: 0x00020000, ABSOLUTE, COMPRESSED[0x00004924])

    Execution Region ER_IROM1 (Exec base: 0x08000000, Load base: 0x08000000, Size: 0x00004774, Max: 0x00020000, ABSOLUTE)

    Exec Addr    Load Addr    Size         Type   Attr      Idx    E Section Name        Object

    0x08000000   0x08000000   0x000000b8   Data   RO         3166    RESET               startup_stm32g070xx.o
    0x080000b8   0x080000b8   0x00000000   Code   RO         3464  * .ARM.Collect$$$$00000000  mc_p.l(entry.o)
    0x080000b8   0x080000b8   0x00000004   Code   RO         3746    .ARM.Collect$$$$00000001  mc_p.l(entry2.o)
    0x080000bc   0x080000bc   0x00000004   Code   RO         3749    .ARM.Collect$$$$00000004  mc_p.l(entry5.o)
    0x080000c0   0x080000c0   0x00000000   Code   RO         3751    .ARM.Collect$$$$00000008  mc_p.l(entry7b.o)
    0x080000c0   0x080000c0   0x00000000   Code   RO         3753    .ARM.Collect$$$$0000000A  mc_p.l(entry8b.o)
    0x080000c0   0x080000c0   0x00000008   Code   RO         3754    .ARM.Collect$$$$0000000B  mc_p.l(entry9a.o)
    0x080000c8   0x080000c8   0x00000000   Code   RO         3756    .ARM.Collect$$$$0000000D  mc_p.l(entry10a.o)
    0x080000c8   0x080000c8   0x00000000   Code   RO         3758    .ARM.Collect$$$$0000000F  mc_p.l(entry11a.o)
    0x080000c8   0x080000c8   0x00000004   Code   RO         3747    .ARM.Collect$$$$00002712  mc_p.l(entry2.o)
    0x080000cc   0x080000cc   0x0000001c   Code   RO         3167    .text               startup_stm32g070xx.o
    0x080000e8   0x080000e8   0x0000002c   Code   RO         3467    .text               mc_p.l(uidiv.o)
    0x08000114   0x08000114   0x00000024   Code   RO         3469    .text               mc_p.l(memcpya.o)
    0x08000138   0x08000138   0x00000024   Code   RO         3471    .text               mc_p.l(memseta.o)
    0x0800015c   0x0800015c   0x0000007c   Code   RO         3736    .text               mf_p.l(fdiv.o)
    0x080001d8   0x080001d8   0x000000f0   Code   RO         3738    .text               mf_p.l(ddiv.o)
    0x080002c8   0x080002c8   0x0000000e   Code   RO         3740    .text               mf_p.l(ffltui.o)
    0x080002d6   0x080002d6   0x00000002   PAD
    0x080002d8   0x080002d8   0x0000001c   Code   RO         3742    .text               mf_p.l(dfltui.o)
    0x080002f4   0x080002f4   0x00000028   Code   RO         3744    .text               mf_p.l(f2d.o)
    0x0800031c   0x0800031c   0x00000060   Code   RO         3763    .text               mc_p.l(uldiv.o)
    0x0800037c   0x0800037c   0x00000000   Code   RO         3765    .text               mc_p.l(iusefp.o)
    0x0800037c   0x0800037c   0x00000082   Code   RO         3766    .text               mf_p.l(fepilogue.o)
    0x080003fe   0x080003fe   0x000000be   Code   RO         3768    .text               mf_p.l(depilogue.o)
    0x080004bc   0x080004bc   0x00000164   Code   RO         3772    .text               mf_p.l(dadd.o)
    0x08000620   0x08000620   0x000000d0   Code   RO         3774    .text               mf_p.l(dmul.o)
    0x080006f0   0x080006f0   0x00000040   Code   RO         3776    .text               mf_p.l(dfixul.o)
    0x08000730   0x08000730   0x00000028   Code   RO         3778    .text               mf_p.l(cdrcmple.o)
    0x08000758   0x08000758   0x00000024   Code   RO         3780    .text               mc_p.l(init.o)
    0x0800077c   0x0800077c   0x00000020   Code   RO         3783    .text               mc_p.l(llshl.o)
    0x0800079c   0x0800079c   0x00000022   Code   RO         3785    .text               mc_p.l(llushr.o)
    0x080007be   0x080007be   0x00000026   Code   RO         3787    .text               mc_p.l(llsshr.o)
    0x080007e4   0x080007e4   0x0000003a   Code   RO         3798    .text               mc_p.l(__dczerorl.o)
    0x0800081e   0x0800081e   0x00000004   Code   RO         3200    i.Error_Handler     main.o
    0x08000822   0x08000822   0x00000002   PAD
    0x08000824   0x08000824   0x00000298   Code   RO         3201    i.GY39              main.o
    0x08000abc   0x08000abc   0x00000080   Code   RO          940    i.HAL_DMA_Abort     stm32g0xx_hal_dma.o
    0x08000b3c   0x08000b3c   0x0000007c   Code   RO          941    i.HAL_DMA_Abort_IT  stm32g0xx_hal_dma.o
    0x08000bb8   0x08000bb8   0x00000024   Code   RO         1381    i.HAL_Delay         stm32g0xx_hal.o
    0x08000bdc   0x08000bdc   0x0000014c   Code   RO          876    i.HAL_GPIO_Init     stm32g0xx_hal_gpio.o
    0x08000d28   0x08000d28   0x00000010   Code   RO          879    i.HAL_GPIO_TogglePin  stm32g0xx_hal_gpio.o
    0x08000d38   0x08000d38   0x0000000c   Code   RO          880    i.HAL_GPIO_WritePin  stm32g0xx_hal_gpio.o
    0x08000d44   0x08000d44   0x0000000c   Code   RO         1385    i.HAL_GetTick       stm32g0xx_hal.o
    0x08000d50   0x08000d50   0x00000010   Code   RO         1391    i.HAL_IncTick       stm32g0xx_hal.o
    0x08000d60   0x08000d60   0x00000028   Code   RO         1392    i.HAL_Init          stm32g0xx_hal.o
    0x08000d88   0x08000d88   0x00000048   Code   RO         1393    i.HAL_InitTick      stm32g0xx_hal.o
    0x08000dd0   0x08000dd0   0x00000034   Code   RO         3410    i.HAL_MspInit       stm32g0xx_hal_msp.o
    0x08000e04   0x08000e04   0x00000018   Code   RO         1274    i.HAL_NVIC_EnableIRQ  stm32g0xx_hal_cortex.o
    0x08000e1c   0x08000e1c   0x00000044   Code   RO         1278    i.HAL_NVIC_SetPriority  stm32g0xx_hal_cortex.o
    0x08000e60   0x08000e60   0x00000050   Code   RO         1159    i.HAL_PWREx_ControlVoltageScaling  stm32g0xx_hal_pwr_ex.o
    0x08000eb0   0x08000eb0   0x00000188   Code   RO          672    i.HAL_RCCEx_PeriphCLKConfig  stm32g0xx_hal_rcc_ex.o
    0x08001038   0x08001038   0x00000184   Code   RO          556    i.HAL_RCC_ClockConfig  stm32g0xx_hal_rcc.o
    0x080011bc   0x080011bc   0x00000028   Code   RO          564    i.HAL_RCC_GetPCLK1Freq  stm32g0xx_hal_rcc.o
    0x080011e4   0x080011e4   0x0000008c   Code   RO          566    i.HAL_RCC_GetSysClockFreq  stm32g0xx_hal_rcc.o
    0x08001270   0x08001270   0x00000420   Code   RO          570    i.HAL_RCC_OscConfig  stm32g0xx_hal_rcc.o
    0x08001690   0x08001690   0x00000058   Code   RO           13    i.HAL_RTC_GetDate   stm32g0xx_hal_rtc.o
    0x080016e8   0x080016e8   0x0000006c   Code   RO           15    i.HAL_RTC_GetTime   stm32g0xx_hal_rtc.o
    0x08001754   0x08001754   0x000000b0   Code   RO           16    i.HAL_RTC_Init      stm32g0xx_hal_rtc.o
    0x08001804   0x08001804   0x00000060   Code   RO         3412    i.HAL_RTC_MspInit   stm32g0xx_hal_msp.o
    0x08001864   0x08001864   0x000000a0   Code   RO           22    i.HAL_RTC_SetDate   stm32g0xx_hal_rtc.o
    0x08001904   0x08001904   0x000000c4   Code   RO           23    i.HAL_RTC_SetTime   stm32g0xx_hal_rtc.o
    0x080019c8   0x080019c8   0x00000014   Code   RO         1401    i.HAL_SYSCFG_StrobeDBattpinsConfig  stm32g0xx_hal.o
    0x080019dc   0x080019dc   0x0000003c   Code   RO         1282    i.HAL_SYSTICK_Config  stm32g0xx_hal_cortex.o
    0x08001a18   0x08001a18   0x00000002   Code   RO         2308    i.HAL_TIMEx_Break2Callback  stm32g0xx_hal_tim_ex.o
    0x08001a1a   0x08001a1a   0x00000002   Code   RO         2309    i.HAL_TIMEx_BreakCallback  stm32g0xx_hal_tim_ex.o
    0x08001a1c   0x08001a1c   0x00000002   Code   RO         2310    i.HAL_TIMEx_CommutCallback  stm32g0xx_hal_tim_ex.o
    0x08001a1e   0x08001a1e   0x00000002   PAD
    0x08001a20   0x08001a20   0x0000006c   Code   RO         2331    i.HAL_TIMEx_MasterConfigSynchronization  stm32g0xx_hal_tim_ex.o
    0x08001a8c   0x08001a8c   0x0000004a   Code   RO         1634    i.HAL_TIM_Base_Init  stm32g0xx_hal_tim.o
    0x08001ad6   0x08001ad6   0x00000002   PAD
    0x08001ad8   0x08001ad8   0x000000b0   Code   RO         3414    i.HAL_TIM_Base_MspInit  stm32g0xx_hal_msp.o
    0x08001b88   0x08001b88   0x0000005c   Code   RO         1639    i.HAL_TIM_Base_Start_IT  stm32g0xx_hal_tim.o
    0x08001be4   0x08001be4   0x00000034   Code   RO         1642    i.HAL_TIM_Base_Stop_IT  stm32g0xx_hal_tim.o
    0x08001c18   0x08001c18   0x00000002   Code   RO         1668    i.HAL_TIM_IC_CaptureCallback  stm32g0xx_hal_tim.o
    0x08001c1a   0x08001c1a   0x00000002   PAD
    0x08001c1c   0x08001c1c   0x00000184   Code   RO         1682    i.HAL_TIM_IRQHandler  stm32g0xx_hal_tim.o
    0x08001da0   0x08001da0   0x00000002   Code   RO         1685    i.HAL_TIM_OC_DelayElapsedCallback  stm32g0xx_hal_tim.o
    0x08001da2   0x08001da2   0x00000002   Code   RO         1712    i.HAL_TIM_PWM_PulseFinishedCallback  stm32g0xx_hal_tim.o
    0x08001da4   0x08001da4   0x00000084   Code   RO         3202    i.HAL_TIM_PeriodElapsedCallback  main.o
    0x08001e28   0x08001e28   0x00000002   Code   RO         1725    i.HAL_TIM_TriggerCallback  stm32g0xx_hal_tim.o
    0x08001e2a   0x08001e2a   0x0000003e   Code   RO         3018    i.HAL_UARTEx_DisableFifoMode  stm32g0xx_hal_uart_ex.o
    0x08001e68   0x08001e68   0x00000002   Code   RO         2616    i.HAL_UARTEx_RxEventCallback  stm32g0xx_hal_uart.o
    0x08001e6a   0x08001e6a   0x00000002   Code   RO         3026    i.HAL_UARTEx_RxFifoFullCallback  stm32g0xx_hal_uart_ex.o
    0x08001e6c   0x08001e6c   0x00000048   Code   RO         3027    i.HAL_UARTEx_SetRxFifoThreshold  stm32g0xx_hal_uart_ex.o
    0x08001eb4   0x08001eb4   0x00000046   Code   RO         3028    i.HAL_UARTEx_SetTxFifoThreshold  stm32g0xx_hal_uart_ex.o
    0x08001efa   0x08001efa   0x00000002   Code   RO         3030    i.HAL_UARTEx_TxFifoEmptyCallback  stm32g0xx_hal_uart_ex.o
    0x08001efc   0x08001efc   0x00000002   Code   RO         3031    i.HAL_UARTEx_WakeupCallback  stm32g0xx_hal_uart_ex.o
    0x08001efe   0x08001efe   0x00000002   Code   RO         2632    i.HAL_UART_ErrorCallback  stm32g0xx_hal_uart.o
    0x08001f00   0x08001f00   0x000002fc   Code   RO         2635    i.HAL_UART_IRQHandler  stm32g0xx_hal_uart.o
    0x080021fc   0x080021fc   0x0000006a   Code   RO         2636    i.HAL_UART_Init     stm32g0xx_hal_uart.o
    0x08002266   0x08002266   0x00000002   PAD
    0x08002268   0x08002268   0x000001b0   Code   RO         3416    i.HAL_UART_MspInit  stm32g0xx_hal_msp.o
    0x08002418   0x08002418   0x00000058   Code   RO         2641    i.HAL_UART_Receive_IT  stm32g0xx_hal_uart.o
    0x08002470   0x08002470   0x000000f4   Code   RO         3203    i.HAL_UART_RxCpltCallback  main.o
    0x08002564   0x08002564   0x000000d6   Code   RO         2645    i.HAL_UART_Transmit  stm32g0xx_hal_uart.o
    0x0800263a   0x0800263a   0x00000002   Code   RO         2648    i.HAL_UART_TxCpltCallback  stm32g0xx_hal_uart.o
    0x0800263c   0x0800263c   0x00000002   Code   RO         3320    i.HardFault_Handler  stm32g0xx_it.o
    0x0800263e   0x0800263e   0x00000002   PAD
    0x08002640   0x08002640   0x00000074   Code   RO         3205    i.MX_GPIO_Init      main.o
    0x080026b4   0x080026b4   0x00000002   Code   RO         3321    i.NMI_Handler       stm32g0xx_it.o
    0x080026b6   0x080026b6   0x00000002   Code   RO         3322    i.PendSV_Handler    stm32g0xx_it.o
    0x080026b8   0x080026b8   0x000002dc   Code   RO         3206    i.RS485             main.o
    0x08002994   0x08002994   0x00000018   Code   RO           26    i.RTC_ByteToBcd2    stm32g0xx_hal_rtc.o
    0x080029ac   0x080029ac   0x00000044   Code   RO           27    i.RTC_EnterInitMode  stm32g0xx_hal_rtc.o
    0x080029f0   0x080029f0   0x000000a4   Code   RO           28    i.RTC_ExitInitMode  stm32g0xx_hal_rtc.o
    0x08002a94   0x08002a94   0x00000002   Code   RO         3323    i.SVC_Handler       stm32g0xx_it.o
    0x08002a96   0x08002a96   0x00000008   Code   RO         3324    i.SysTick_Handler   stm32g0xx_it.o
    0x08002a9e   0x08002a9e   0x0000007a   Code   RO         3207    i.SystemClock_Config  main.o
    0x08002b18   0x08002b18   0x00000002   Code   RO         3133    i.SystemInit        system_stm32g0xx.o
    0x08002b1a   0x08002b1a   0x00000002   PAD
    0x08002b1c   0x08002b1c   0x00000030   Code   RO         3325    i.TIM14_IRQHandler  stm32g0xx_it.o
    0x08002b4c   0x08002b4c   0x00000010   Code   RO         3326    i.TIM16_IRQHandler  stm32g0xx_it.o
    0x08002b5c   0x08002b5c   0x00000010   Code   RO         3327    i.TIM6_IRQHandler   stm32g0xx_it.o
    0x08002b6c   0x08002b6c   0x00000050   Code   RO         3328    i.TIM7_IRQHandler   stm32g0xx_it.o
    0x08002bbc   0x08002bbc   0x000002fc   Code   RO         3208    i.TIME              main.o
    0x08002eb8   0x08002eb8   0x00000088   Code   RO         1727    i.TIM_Base_SetConfig  stm32g0xx_hal_tim.o
    0x08002f40   0x08002f40   0x00000044   Code   RO         3032    i.UARTEx_SetNbDataToProcess  stm32g0xx_hal_uart_ex.o
    0x08002f84   0x08002f84   0x000000cc   Code   RO         2650    i.UART_AdvFeatureConfig  stm32g0xx_hal_uart.o
    0x08003050   0x08003050   0x0000006c   Code   RO         2651    i.UART_CheckIdleState  stm32g0xx_hal_uart.o
    0x080030bc   0x080030bc   0x00000014   Code   RO         2652    i.UART_DMAAbortOnError  stm32g0xx_hal_uart.o
    0x080030d0   0x080030d0   0x00000064   Code   RO         2662    i.UART_EndRxTransfer  stm32g0xx_hal_uart.o
    0x08003134   0x08003134   0x000000b0   Code   RO         2663    i.UART_RxISR_16BIT  stm32g0xx_hal_uart.o
    0x080031e4   0x080031e4   0x00000180   Code   RO         2664    i.UART_RxISR_16BIT_FIFOEN  stm32g0xx_hal_uart.o
    0x08003364   0x08003364   0x000000b0   Code   RO         2665    i.UART_RxISR_8BIT   stm32g0xx_hal_uart.o
    0x08003414   0x08003414   0x00000180   Code   RO         2666    i.UART_RxISR_8BIT_FIFOEN  stm32g0xx_hal_uart.o
    0x08003594   0x08003594   0x000001a0   Code   RO         2667    i.UART_SetConfig    stm32g0xx_hal_uart.o
    0x08003734   0x08003734   0x00000138   Code   RO         2669    i.UART_Start_Receive_IT  stm32g0xx_hal_uart.o
    0x0800386c   0x0800386c   0x000000f2   Code   RO         2674    i.UART_WaitOnFlagUntilTimeout  stm32g0xx_hal_uart.o
    0x0800395e   0x0800395e   0x00000002   PAD
    0x08003960   0x08003960   0x00000010   Code   RO         3329    i.USART1_IRQHandler  stm32g0xx_it.o
    0x08003970   0x08003970   0x00000010   Code   RO         3330    i.USART2_IRQHandler  stm32g0xx_it.o
    0x08003980   0x08003980   0x00000018   Code   RO         3331    i.USART3_4_IRQHandler  stm32g0xx_it.o
    0x08003998   0x08003998   0x00000028   Code   RO         3710    i.__0sprintf        mc_p.l(printfa.o)
    0x080039c0   0x080039c0   0x0000002e   Code   RO         3770    i.__ARM_clz         mf_p.l(depilogue.o)
    0x080039ee   0x080039ee   0x0000000e   Code   RO         3792    i.__scatterload_copy  mc_p.l(handlers.o)
    0x080039fc   0x080039fc   0x00000002   Code   RO         3793    i.__scatterload_null  mc_p.l(handlers.o)
    0x080039fe   0x080039fe   0x0000000e   Code   RO         3794    i.__scatterload_zeroinit  mc_p.l(handlers.o)
    0x08003a0c   0x08003a0c   0x00000174   Code   RO         3715    i._fp_digits        mc_p.l(printfa.o)
    0x08003b80   0x08003b80   0x000006ec   Code   RO         3716    i._printf_core      mc_p.l(printfa.o)
    0x0800426c   0x0800426c   0x00000020   Code   RO         3717    i._printf_post_padding  mc_p.l(printfa.o)
    0x0800428c   0x0800428c   0x0000002c   Code   RO         3718    i._printf_pre_padding  mc_p.l(printfa.o)
    0x080042b8   0x080042b8   0x0000000a   Code   RO         3720    i._sputc            mc_p.l(printfa.o)
    0x080042c2   0x080042c2   0x00000002   PAD
    0x080042c4   0x080042c4   0x00000080   Code   RO         3209    i.crc16             main.o
    0x08004344   0x08004344   0x00000388   Code   RO         3210    i.main              main.o
    0x080046cc   0x080046cc   0x00000018   Data   RO         2675    .constdata          stm32g0xx_hal_uart.o
    0x080046e4   0x080046e4   0x00000010   Data   RO         3033    .constdata          stm32g0xx_hal_uart_ex.o
    0x080046f4   0x080046f4   0x00000040   Data   RO         3134    .constdata          system_stm32g0xx.o
    0x08004734   0x08004734   0x00000020   Data   RO         3135    .constdata          system_stm32g0xx.o
    0x08004754   0x08004754   0x00000020   Data   RO         3790    Region$$Table       anon$$obj.o


    Execution Region RW_IRAM1 (Exec base: 0x20000000, Load base: 0x08004774, Size: 0x00002808, Max: 0x00009000, ABSOLUTE, COMPRESSED[0x000001b0])

    Exec Addr    Load Addr    Size         Type   Attr      Idx    E Section Name        Object

    0x20000000   COMPRESSED   0x0000000c   Data   RW         1404    .data               stm32g0xx_hal.o
    0x2000000c   COMPRESSED   0x00000004   Data   RW         3136    .data               system_stm32g0xx.o
    0x20000010   COMPRESSED   0x000003e8   Data   RW         3171    .data               main_global.o
    0x200003f8   COMPRESSED   0x000003e8   Data   RW         3172    .data               main_global.o
    0x200007e0   COMPRESSED   0x00000001   Data   RW         3174    .data               main_global.o
    0x200007e1   COMPRESSED   0x000003e8   Data   RW         3175    .data               main_global.o
    0x20000bc9   COMPRESSED   0x000003e8   Data   RW         3176    .data               main_global.o
    0x20000fb1   COMPRESSED   0x00000001   Data   RW         3178    .data               main_global.o
    0x20000fb2   COMPRESSED   0x000003e8   Data   RW         3179    .data               main_global.o
    0x2000139a   COMPRESSED   0x000003e8   Data   RW         3180    .data               main_global.o
    0x20001782   COMPRESSED   0x00000001   Data   RW         3181    .data               main_global.o
    0x20001783   COMPRESSED   0x00000001   Data   RW         3182    .data               main_global.o
    0x20001784   COMPRESSED   0x000003e8   Data   RW         3183    .data               main_global.o
    0x20001b6c   COMPRESSED   0x000003e8   Data   RW         3184    .data               main_global.o
    0x20001f54   COMPRESSED   0x00000001   Data   RW         3186    .data               main_global.o
    0x20001f55   COMPRESSED   0x00000001   PAD
    0x20001f56   COMPRESSED   0x00000021   Data   RW         3215    .data               main.o
    0x20001f77   COMPRESSED   0x00000001   Data   RW         3216    .data               main.o
    0x20001f78   COMPRESSED   0x00000001   Data   RW         3218    .data               main.o
    0x20001f79   COMPRESSED   0x00000001   Data   RW         3219    .data               main.o
    0x20001f7a   COMPRESSED   0x00000002   PAD
    0x20001f7c        -       0x00000488   Zero   RW         3214    .bss                main.o
    0x20002404   COMPRESSED   0x00000004   PAD
    0x20002408        -       0x00000400   Zero   RW         3164    STACK               startup_stm32g070xx.o


==============================================================================

Image component sizes


      Code (inc. data)   RO Data    RW Data    ZI Data      Debug   Object Name

      3810        986          0         36       1160      10932   main.o
         0          0          0       8005          0       1450   main_global.o
        28          8        184          0       1024        596   startup_stm32g070xx.o
       196         30          0         12          0      17048   stm32g0xx_hal.o
       152         28          0          0          0      11921   stm32g0xx_hal_cortex.o
       252         12          0          0          0       2175   stm32g0xx_hal_dma.o
         0          0          0          0          0       2736   stm32g0xx_hal_flash.o
       360         20          0          0          0       2777   stm32g0xx_hal_gpio.o
       756         74          0          0          0       3530   stm32g0xx_hal_msp.o
        80         14          0          0          0        778   stm32g0xx_hal_pwr_ex.o
      1624         90          0          0          0      20865   stm32g0xx_hal_rcc.o
       392         18          0          0          0       1740   stm32g0xx_hal_rcc_ex.o
       984         24          0          0          0     427254   stm32g0xx_hal_rtc.o
       750         54          0          0          0       8002   stm32g0xx_hal_tim.o
       114         12          0          0          0       3196   stm32g0xx_hal_tim_ex.o
      3700        116         24          0          0      43563   stm32g0xx_hal_uart.o
       278          8         16          0          0       5438   stm32g0xx_hal_uart_ex.o
       232         68          0          0          0       5607   stm32g0xx_it.o
         2          0         96          4          0       1171   system_stm32g0xx.o

    ----------------------------------------------------------------------
     13726       1562        352       8060       2188     570779   Object Totals
         0          0         32          0          0          0   (incl. Generated)
        16          0          0          3          4          0   (incl. Padding)

    ----------------------------------------------------------------------

      Code (inc. data)   RO Data    RW Data    ZI Data      Debug   Library Member Name

        58          0          0          0          0          0   __dczerorl.o
         0          0          0          0          0          0   entry.o
         0          0          0          0          0          0   entry10a.o
         0          0          0          0          0          0   entry11a.o
         8          4          0          0          0          0   entry2.o
         4          0          0          0          0          0   entry5.o
         0          0          0          0          0          0   entry7b.o
         0          0          0          0          0          0   entry8b.o
         8          4          0          0          0          0   entry9a.o
        30          0          0          0          0          0   handlers.o
        36          8          0          0          0         68   init.o
         0          0          0          0          0          0   iusefp.o
        32          0          0          0          0         68   llshl.o
        38          0          0          0          0         68   llsshr.o
        34          0          0          0          0         68   llushr.o
        36          0          0          0          0         60   memcpya.o
        36          0          0          0          0        100   memseta.o
      2270         94          0          0          0        472   printfa.o
        44          0          0          0          0         72   uidiv.o
        96          0          0          0          0         84   uldiv.o
        40          2          0          0          0         68   cdrcmple.o
       356          4          0          0          0        140   dadd.o
       240          6          0          0          0         84   ddiv.o
       236          0          0          0          0        216   depilogue.o
        64         10          0          0          0         68   dfixul.o
        28          4          0          0          0         68   dfltui.o
       208          6          0          0          0         88   dmul.o
        40          0          0          0          0         60   f2d.o
       124          0          0          0          0         72   fdiv.o
       130          0          0          0          0        144   fepilogue.o
        14          0          0          0          0         68   ffltui.o

    ----------------------------------------------------------------------
      4214        142          0          0          0       2136   Library Totals
         4          0          0          0          0          0   (incl. Padding)

    ----------------------------------------------------------------------

      Code (inc. data)   RO Data    RW Data    ZI Data      Debug   Library Name

      2730        110          0          0          0       1060   mc_p.l
      1480         32          0          0          0       1076   mf_p.l

    ----------------------------------------------------------------------
      4214        142          0          0          0       2136   Library Totals

    ----------------------------------------------------------------------

==============================================================================


      Code (inc. data)   RO Data    RW Data    ZI Data      Debug   

     17940       1704        352       8060       2188     568071   Grand Totals
     17940       1704        352        432       2188     568071   ELF Image Totals (compressed)
     17940       1704        352        432          0          0   ROM Totals

==============================================================================

    Total RO  Size (Code + RO Data)                18292 (  17.86kB)
    Total RW  Size (RW Data + ZI Data)             10248 (  10.01kB)
    Total ROM Size (Code + RO Data + RW Data)      18724 (  18.29kB)

==============================================================================

